
Allocating common symbols
Common symbol       size              file

netbufpool          0x4               binaries/net.o
readylist           0x2               binaries/ready.o
rfltab              0x5a0             binaries/rflinit.o
netportseed         0x8               binaries/net.o
sleepq              0x2               binaries/clkinit.o
nnames              0x4               binaries/naminit.o
udptab              0x168             binaries/udp.o
minheap             0x4               binaries/meminit.o
marks               0x50              binaries/mark.o
currpid             0x4               binaries/initialize.o
Lf_data             0x20c             binaries/lfsinit.o
porttab             0x2d0             binaries/ptinit.o
girmask             0x2               binaries/evec.o
ttytab              0x110             binaries/ttyinit.o
proctab             0xd610            binaries/initialize.o
after_ebp           0x4               binaries/main.o
prcount             0x4               binaries/initialize.o
after_esp           0x4               binaries/main.o
ebp                 0x4               binaries/main.o
lfltab              0xf00             binaries/lflinit.o
rdstab              0x8c              binaries/rdsinit.o
ethertab            0x130             binaries/ethinit.o
NetData             0xb0              binaries/net.o
nmarks              0x4               binaries/mark.o
before_ebp          0x4               binaries/main.o
initsp              0x4               binaries/i386.o
Defer               0x8               binaries/resched.o
semtab              0x4b0             binaries/initialize.o
maxheap             0x4               binaries/meminit.o
preempt             0x4               binaries/clkinit.o
buftab              0xf0              binaries/bufinit.o
Rf_data             0x18              binaries/rfsinit.o
mkmutex             0x4               binaries/mark.o
clktime             0x4               binaries/clkinit.o
arpcache            0x140             binaries/arp.o
icmptab             0x230             binaries/icmp.o
nbpools             0x4               binaries/bufinit.o
queuetab            0x980             binaries/queue.o
before_esp          0x4               binaries/main.o
esp                 0x4               binaries/main.o
ptnextid            0x4               binaries/ptinit.o
Ram                 0x19000           binaries/raminit.o
ipoqueue            0x2c              binaries/ip.o
memlist             0x8               binaries/initialize.o
nametab             0x19a0            binaries/naminit.o
ptfree              0x4               binaries/ptinit.o

Memory Configuration

Name             Origin             Length             Attributes
*default*        0x0000000000000000 0xffffffffffffffff

Linker script and memory map

                0x0000000000100000                physbase = 0x100000
                0x0000000000100000                . = physbase
                0x0000000000100000                . = ALIGN (0x1000)

.text           0x0000000000100000    0x1c000
                0x0000000000100000                text = ABSOLUTE (.)
 *(.text .text.*)
 .text          0x0000000000100000      0x165 binaries/start.o
                0x0000000000100020                entry
                0x000000000010003d                start
                0x00000000001000a5                inb
                0x00000000001000ad                inw
                0x00000000001000b6                inl
                0x00000000001000be                outb
                0x00000000001000c8                outw
                0x00000000001000d3                outl
                0x00000000001000dd                _rtcin
                0x00000000001000e8                ___udivsi3
                0x00000000001000f3                ___divsi3
                0x00000000001000ff                sbzero
                0x000000000010010f                bcopy
                0x0000000000100123                insw
                0x0000000000100139                outsw
                0x000000000010014f                lidt
                0x0000000000100157                jumptocode
                0x000000000010015e                jumptobootcode
 .text          0x0000000000100165      0x3e3 binaries/ascdate.o
                0x0000000000100165                ascdate
 .text          0x0000000000100548       0x14 binaries/bufinit.o
                0x0000000000100548                bufinit
 .text          0x000000000010055c       0x97 binaries/chprio.o
                0x000000000010055c                chprio
 .text          0x00000000001005f3       0xad binaries/clkhandler.o
                0x00000000001005f3                clkhandler
 .text          0x00000000001006a0       0x7e binaries/clkinit.o
                0x00000000001006a0                clkinit
 .text          0x000000000010071e       0x75 binaries/close.o
                0x000000000010071e                close
 .text          0x0000000000100793        0x0 binaries/conf.o
 .text          0x0000000000100793       0x7b binaries/control.o
                0x0000000000100793                control
 .text          0x000000000010080e      0x3ad binaries/create.o
                0x000000000010080e                create
 .text          0x0000000000100bbb      0x361 binaries/evec.o
                0x0000000000100bbb                initevec
                0x0000000000100c12                set_evec
                0x0000000000100cb4                trap
 .text          0x0000000000100f1c       0x19 binaries/exit.o
                0x0000000000100f1c                exit
 .text          0x0000000000100f35       0x8c binaries/freebuf.o
                0x0000000000100f35                freebuf
 .text          0x0000000000100fc1      0x172 binaries/freemem.o
                0x0000000000100fc1                freemem
 .text          0x0000000000101133       0x8a binaries/getbuf.o
                0x0000000000101133                getbuf
 .text          0x00000000001011bd       0x75 binaries/getc.o
                0x00000000001011bd                getc
 .text          0x0000000000101232       0x74 binaries/getdev.o
                0x0000000000101232                getdev
 .text          0x00000000001012a6       0xd0 binaries/getitem.o
                0x00000000001012a6                getfirst
                0x00000000001012eb                getlast
                0x0000000000101332                getitem
 .text          0x0000000000101376      0x10a binaries/getmem.o
                0x0000000000101376                getmem
 .text          0x0000000000101480        0xa binaries/getpid.o
                0x0000000000101480                getpid
 .text          0x000000000010148a       0x7f binaries/getprio.o
                0x000000000010148a                getprio
 .text          0x0000000000101509       0xfb binaries/getstk.o
                0x0000000000101509                getstk
 .text          0x0000000000101604       0x16 binaries/getticks.o
                0x0000000000101604                getticks
 .text          0x000000000010161a       0x3a binaries/gettime.o
                0x000000000010161a                gettime
 .text          0x0000000000101654      0x1ec binaries/getutime.o
                0x0000000000101654                getutime
 .text          0x0000000000101840      0x3c5 binaries/i386.o
                0x0000000000101840                setsegs
                0x0000000000101952                init8259
                0x0000000000101a04                pseg
                0x0000000000101bac                setirmask
 .text          0x0000000000101c05       0x75 binaries/init.o
                0x0000000000101c05                init
 .text          0x0000000000101c7a      0x5cd binaries/initialize.o
                0x0000000000101c7a                nulluser
                0x00000000001021ee                stop
                0x0000000000102219                delay
 .text          0x0000000000102247       0xdf binaries/insert.o
                0x0000000000102247                insert
 .text          0x0000000000102326      0x111 binaries/insertd.o
                0x0000000000102326                insertd
 .text          0x0000000000102437        0xa binaries/ioerr.o
                0x0000000000102437                ioerr
 .text          0x0000000000102441        0xa binaries/ionull.o
                0x0000000000102441                ionull
 .text          0x000000000010244b      0x356 binaries/kill.o
                0x000000000010244b                kill
 .text          0x00000000001027a1      0x14e binaries/kprintf.o
                0x00000000001027a1                kputc
                0x0000000000102834                kgetc
                0x00000000001028c5                kprintf
 .text          0x00000000001028ef      0x4fc binaries/main.o
                0x00000000001028ef                function_two_para
                0x0000000000102a25                function_three_para
                0x0000000000102b66                main
 .text          0x0000000000102deb       0xb5 binaries/mark.o
                0x0000000000102deb                markinit
                0x0000000000102e0f                mark
 .text          0x0000000000102ea0       0xcc binaries/meminit.o
                0x0000000000102ea0                meminit
 .text          0x0000000000102f6c      0x174 binaries/mkbufpool.o
                0x0000000000102f6c                mkbufpool
 .text          0x00000000001030e0       0x94 binaries/newqueue.o
                0x00000000001030e0                newqueue
 .text          0x0000000000103174       0x7b binaries/open.o
                0x0000000000103174                open
 .text          0x00000000001031ef       0x20 binaries/panic.o
                0x00000000001031ef                panic
 .text          0x000000000010320f      0x489 binaries/pci.o
                0x000000000010320f                pci_init
                0x00000000001034cc                find_pci_device
                0x000000000010351a                pci_bios_read_config_byte
                0x0000000000103559                pci_bios_read_config_word
                0x000000000010359b                pci_bios_read_config_dword
                0x00000000001035da                pci_bios_write_config_byte
                0x000000000010361b                pci_bios_write_config_word
                0x000000000010365d                pci_bios_write_config_dword
 .text          0x0000000000103698      0x188 binaries/printprocstk.o
                0x0000000000103698                printprocstk
 .text          0x0000000000103820      0x2ef binaries/print_syscalls.o
                0x0000000000103820                pr_status_syscall_summary
 .text          0x0000000000103b0f       0xf1 binaries/ptclear.o
                0x0000000000103b0f                _ptclear
 .text          0x0000000000103c00       0x9d binaries/ptcount.o
                0x0000000000103c00                ptcount
 .text          0x0000000000103c9d      0x116 binaries/ptcreate.o
                0x0000000000103c9d                ptcreate
 .text          0x0000000000103db3       0x7f binaries/ptdelete.o
                0x0000000000103db3                ptdelete
 .text          0x0000000000103e32       0xbf binaries/ptinit.o
                0x0000000000103e32                ptinit
 .text          0x0000000000103ef1      0x11b binaries/ptrecv.o
                0x0000000000103ef1                ptrecv
 .text          0x000000000010400c       0x77 binaries/ptreset.o
                0x000000000010400c                ptreset
 .text          0x0000000000104083      0x13d binaries/ptsend.o
                0x0000000000104083                ptsend
 .text          0x00000000001041c0       0x80 binaries/putc.o
                0x00000000001041c0                putc
 .text          0x0000000000104240      0x112 binaries/queue.o
                0x0000000000104240                enqueue
                0x00000000001042e5                dequeue
 .text          0x0000000000104352       0x7b binaries/read.o
                0x0000000000104352                read
 .text          0x00000000001043cd      0x143 binaries/ready.o
                0x00000000001043cd                ready
 .text          0x0000000000104510      0x136 binaries/receive.o
                0x0000000000104510                receive
 .text          0x0000000000104646       0x61 binaries/recvclr.o
                0x0000000000104646                recvclr
 .text          0x00000000001046a7      0x194 binaries/recvtime.o
                0x00000000001046a7                recvtime
 .text          0x000000000010483b      0x2b6 binaries/resched.o
                0x000000000010483b                resched
                0x0000000000104a7c                resched_cntl
 .text          0x0000000000104af1       0xb4 binaries/resume.o
                0x0000000000104af1                resume
 .text          0x0000000000104ba5       0x79 binaries/seek.o
                0x0000000000104ba5                seek
 .text          0x0000000000104c1e       0x70 binaries/semcount.o
                0x0000000000104c1e                semcount
 .text          0x0000000000104c8e       0xd6 binaries/semcreate.o
                0x0000000000104c8e                semcreate
 .text          0x0000000000104d64       0xcd binaries/semdelete.o
                0x0000000000104d64                semdelete
 .text          0x0000000000104e31       0xcb binaries/semreset.o
                0x0000000000104e31                semreset
 .text          0x0000000000104efc       0xf0 binaries/send.o
                0x0000000000104efc                send
 .text          0x0000000000104fec       0xa8 binaries/signal.o
                0x0000000000104fec                signal
 .text          0x0000000000105094       0xd6 binaries/signaln.o
                0x0000000000105094                signaln
 .text          0x000000000010516a      0x239 binaries/sleep.o
                0x000000000010516a                sleep
                0x00000000001051b8                sleepms
 .text          0x00000000001053a3      0x195 binaries/stacktrace.o
                0x00000000001053a3                stacktrace
 .text          0x0000000000105538      0x1be binaries/suspend.o
                0x0000000000105538                suspend
 .text          0x00000000001056f6       0xec binaries/unsleep.o
                0x00000000001056f6                unsleep
 .text          0x00000000001057e2       0x19 binaries/userret.o
                0x00000000001057e2                userret
 .text          0x00000000001057fb      0x1b8 binaries/wait.o
                0x00000000001057fb                wait
 .text          0x00000000001059b3       0x72 binaries/wakeup.o
                0x00000000001059b3                wakeup
 .text          0x0000000000105a25       0x7b binaries/write.o
                0x0000000000105a25                write
 .text          0x0000000000105aa0       0x1d binaries/xdone.o
                0x0000000000105aa0                xdone
 .text          0x0000000000105abd       0x28 binaries/yield.o
                0x0000000000105abd                yield
 .text          0x0000000000105ae5       0x11 binaries/abs.o
                0x0000000000105ae5                abs
 .text          0x0000000000105af6       0x8f binaries/atoi.o
                0x0000000000105af6                atoi
 .text          0x0000000000105b85       0x8f binaries/atol.o
                0x0000000000105b85                atol
 .text          0x0000000000105c14       0x31 binaries/bzero.o
                0x0000000000105c14                bzero
 .text          0x0000000000105c45        0x0 binaries/ctype_.o
 .text          0x0000000000105c45      0x8ed binaries/doprnt.o
                0x0000000000105c45                _doprnt
 .text          0x0000000000106532      0x65c binaries/doscan.o
                0x0000000000106532                _doscan
 .text          0x0000000000106b8e      0x711 binaries/fdoprnt.o
                0x0000000000106b8e                _fdoprnt
 .text          0x000000000010729f       0x29 binaries/fgetc.o
                0x000000000010729f                fgetc
 .text          0x00000000001072c8       0x75 binaries/fgets.o
                0x00000000001072c8                fgets
 .text          0x000000000010733d       0x2a binaries/fprintf.o
                0x000000000010733d                fprintf
 .text          0x0000000000107367       0x2c binaries/fputc.o
                0x0000000000107367                fputc
 .text          0x0000000000107393       0x43 binaries/fputs.o
                0x0000000000107393                fputs
 .text          0x00000000001073d6       0x8a binaries/fscanf.o
                0x00000000001073d6                fscanf
 .text          0x0000000000107460       0x36 binaries/getchar.o
                0x0000000000107460                getchar
 .text          0x0000000000107496       0x11 binaries/labs.o
                0x0000000000107496                labs
 .text          0x00000000001074a7        0x0 binaries/memchr.o
 .text          0x00000000001074a7       0x51 binaries/memcmp.o
                0x00000000001074a7                memcmp
 .text          0x00000000001074f8       0x3f binaries/memcpy.o
                0x00000000001074f8                memcpy
 .text          0x0000000000107537       0x30 binaries/memset.o
                0x0000000000107537                memset
 .text          0x0000000000107567       0x4c binaries/printf.o
                0x0000000000107567                printf
 .text          0x00000000001075b3       0x39 binaries/putchar.o
                0x00000000001075b3                putchar
 .text          0x00000000001075ec      0x27e binaries/qsort.o
                0x00000000001075ec                qsort
 .text          0x000000000010786a       0x63 binaries/rand.o
                0x000000000010786a                rand
                0x0000000000107882                rand_r
                0x00000000001078c0                srand
 .text          0x00000000001078cd       0x66 binaries/sprintf.o
                0x00000000001078cd                sprintf
 .text          0x0000000000107933       0x70 binaries/sscanf.o
                0x0000000000107933                sscanf
 .text          0x00000000001079a3       0x3c binaries/strchr.o
                0x00000000001079a3                strchr
 .text          0x00000000001079df       0x45 binaries/strcmp.o
                0x00000000001079df                strcmp
 .text          0x0000000000107a24       0x27 binaries/strcpy.o
                0x0000000000107a24                strcpy
 .text          0x0000000000107a4b       0x26 binaries/strlen.o
                0x0000000000107a4b                strlen
 .text          0x0000000000107a71       0x56 binaries/strncat.o
                0x0000000000107a71                strncat
 .text          0x0000000000107ac7       0x5f binaries/strncmp.o
                0x0000000000107ac7                strncmp
 .text          0x0000000000107b26       0x4f binaries/strncpy.o
                0x0000000000107b26                strncpy
 .text          0x0000000000107b75       0x2e binaries/strnlen.o
                0x0000000000107b75                strnlen
 .text          0x0000000000107ba3       0x45 binaries/strrchr.o
                0x0000000000107ba3                strrchr
 .text          0x0000000000107be8       0x6d binaries/strstr.o
                0x0000000000107be8                strstr
 .text          0x0000000000107c55       0xe4 binaries/ttycontrol.o
                0x0000000000107c55                ttycontrol
 .text          0x0000000000107d39       0x97 binaries/ttygetc.o
                0x0000000000107d39                ttygetc
 .text          0x0000000000107dd0      0x6ee binaries/ttyhandle_in.o
                0x0000000000107dd0                ttyhandle_in
 .text          0x00000000001084be      0x1ae binaries/ttyhandle_out.o
                0x00000000001084be                ttyhandle_out
 .text          0x000000000010866c       0xce binaries/ttyhandler.o
                0x000000000010866c                ttyhandler
 .text          0x000000000010873a      0x22f binaries/ttyinit.o
                0x000000000010873a                ttyinit
 .text          0x0000000000108969       0x1b binaries/ttykickout.o
                0x0000000000108969                ttykickout
 .text          0x0000000000108984       0xb7 binaries/ttyputc.o
                0x0000000000108984                ttyputc
 .text          0x0000000000108a3b      0x11b binaries/ttyread.o
                0x0000000000108a3b                ttyread
 .text          0x0000000000108b56       0x4f binaries/ttywrite.o
                0x0000000000108b56                ttywrite
 .text          0x0000000000108ba5      0x14b binaries/mount.o
                0x0000000000108ba5                mount
                0x0000000000108cba                namlen
 .text          0x0000000000108cf0      0x1ea binaries/naminit.o
                0x0000000000108cf0                naminit
 .text          0x0000000000108eda      0x211 binaries/nammap.o
                0x0000000000108eda                nammap
                0x0000000000108f65                namrepl
                0x000000000010909b                namcpy
 .text          0x00000000001090eb       0x4e binaries/namopen.o
                0x00000000001090eb                namopen
 .text          0x0000000000109139      0xec3 binaries/82545EMInit.o
                0x0000000000109197                _82545EMInit
                0x0000000000109e68                _82545EM_read_phy_reg
                0x0000000000109f2e                _82545EM_write_phy_reg
 .text          0x0000000000109ffc      0x241 binaries/ethcontrol.o
                0x000000000010a05a                ethcontrol
                0x000000000010a1d0                ethIrqDisable
                0x000000000010a205                ethIrqEnable
 .text          0x000000000010a23d      0x252 binaries/ethhandler.o
                0x000000000010a3ad                ethhandler
 .text          0x000000000010a48f      0x126 binaries/ethinit.o
                0x000000000010a48f                ethinit
 .text          0x000000000010a5b5      0x1f4 binaries/ethread.o
                0x000000000010a613                ethread
 .text          0x000000000010a7a9      0x19f binaries/ethwrite.o
                0x000000000010a807                ethwrite
 .text          0x000000000010a948       0x9e binaries/rdsbufalloc.o
                0x000000000010a948                rdsbufalloc
 .text          0x000000000010a9e6       0xcc binaries/rdsclose.o
                0x000000000010a9e6                rdsclose
 .text          0x000000000010aab2      0x2e8 binaries/rdscomm.o
                0x000000000010aab2                rdscomm
 .text          0x000000000010ad9a      0x233 binaries/rdscontrol.o
                0x000000000010ad9a                rdscontrol
 .text          0x000000000010afcd      0x1f3 binaries/rdsinit.o
                0x000000000010afcd                rdsinit
 .text          0x000000000010b1c0      0x19b binaries/rdsopen.o
                0x000000000010b1c0                rdsopen
 .text          0x000000000010b35b      0x461 binaries/rdsprocess.o
                0x000000000010b35b                rdsprocess
 .text          0x000000000010b7bc      0x259 binaries/rdsread.o
                0x000000000010b7bc                rdsread
 .text          0x000000000010ba15      0x1fe binaries/rdswrite.o
                0x000000000010ba15                rdswrite
 .text          0x000000000010bc13        0xa binaries/ramclose.o
                0x000000000010bc13                ramclose
 .text          0x000000000010bc1d       0x3e binaries/raminit.o
                0x000000000010bc1d                raminit
 .text          0x000000000010bc5b        0xa binaries/ramopen.o
                0x000000000010bc5b                ramopen
 .text          0x000000000010bc65       0x32 binaries/ramread.o
                0x000000000010bc65                ramread
 .text          0x000000000010bc97       0x32 binaries/ramwrite.o
                0x000000000010bc97                ramwrite
 .text          0x000000000010bcc9       0x98 binaries/lfdballoc.o
                0x000000000010bcc9                lfdballoc
 .text          0x000000000010bd61       0x58 binaries/lfdbfree.o
                0x000000000010bd61                lfdbfree
 .text          0x000000000010bdb9       0xb6 binaries/lfflush.o
                0x000000000010bdb9                lfflush
 .text          0x000000000010be6f       0xd8 binaries/lfgetmode.o
                0x000000000010be6f                lfgetmode
 .text          0x000000000010bf47       0x68 binaries/lfiballoc.o
                0x000000000010bf47                lfiballoc
 .text          0x000000000010bfaf       0x3b binaries/lfibclear.o
                0x000000000010bfaf                lfibclear
 .text          0x000000000010bfea       0xad binaries/lfibget.o
                0x000000000010bfea                lfibget
 .text          0x000000000010c097       0xdc binaries/lfibput.o
                0x000000000010c097                lfibput
 .text          0x000000000010c173       0xa2 binaries/lflclose.o
                0x000000000010c173                lflclose
 .text          0x000000000010c215       0xd0 binaries/lflcontrol.o
                0x000000000010c215                lflcontrol
 .text          0x000000000010c2e5       0xf2 binaries/lflgetc.o
                0x000000000010c2e5                lflgetc
 .text          0x000000000010c3d7       0xf1 binaries/lflinit.o
                0x000000000010c3d7                lflinit
 .text          0x000000000010c4c8      0x122 binaries/lflputc.o
                0x000000000010c4c8                lflputc
 .text          0x000000000010c5ea       0x70 binaries/lflread.o
                0x000000000010c5ea                lflread
 .text          0x000000000010c65a       0xac binaries/lflseek.o
                0x000000000010c65a                lflseek
 .text          0x000000000010c706       0x55 binaries/lflwrite.o
                0x000000000010c706                lflwrite
 .text          0x000000000010c75b       0x62 binaries/lfscheck.o
                0x000000000010c75b                lfscheck
 .text          0x000000000010c7bd      0x175 binaries/lfsckfmt.o
                0x000000000010c7bd                lfsckfmt
 .text          0x000000000010c932      0x1ad binaries/lfscreate.o
                0x000000000010c932                lfscreate
 .text          0x000000000010cadf      0x278 binaries/lfsetup.o
                0x000000000010cadf                lfsetup
 .text          0x000000000010cd57       0x51 binaries/lfsinit.o
                0x000000000010cd57                lfsinit
 .text          0x000000000010cda8      0x3c0 binaries/lfsopen.o
                0x000000000010cda8                lfsopen
 .text          0x000000000010d168      0x15e binaries/lftruncate.o
                0x000000000010d168                lftruncate
 .text          0x000000000010d2c6       0x71 binaries/rflclose.o
                0x000000000010d2c6                rflclose
 .text          0x000000000010d337       0x32 binaries/rflgetc.o
                0x000000000010d337                rflgetc
 .text          0x000000000010d369       0x76 binaries/rflinit.o
                0x000000000010d369                rflinit
 .text          0x000000000010d3df       0x33 binaries/rflputc.o
                0x000000000010d3df                rflputc
 .text          0x000000000010d412      0x360 binaries/rflread.o
                0x000000000010d412                rflread
 .text          0x000000000010d772       0x74 binaries/rflseek.o
                0x000000000010d772                rflseek
 .text          0x000000000010d7e6      0x34d binaries/rflwrite.o
                0x000000000010d7e6                rflwrite
 .text          0x000000000010db33      0x1e2 binaries/rfscomm.o
                0x000000000010db33                rfscomm
 .text          0x000000000010dd15      0x26d binaries/rfscontrol.o
                0x000000000010dd15                rfscontrol
 .text          0x000000000010df82       0xd8 binaries/rfsgetmode.o
                0x000000000010df82                rfsgetmode
 .text          0x000000000010e05a       0x86 binaries/rfsinit.o
                0x000000000010e05a                rfsinit
 .text          0x000000000010e0e0      0x111 binaries/rfsndmsg.o
                0x000000000010e0e0                rfsndmsg
 .text          0x000000000010e1f1      0x2aa binaries/rfsopen.o
                0x000000000010e1f1                rfsopen
 .text          0x000000000010e49b      0x836 binaries/arp.o
                0x000000000010e49b                arp_init
                0x000000000010e4cd                arp_resolve
                0x000000000010e781                arp_in
                0x000000000010ea39                arp_alloc
                0x000000000010eaf9                arp_ntoh
                0x000000000010ebe5                arp_hton
 .text          0x000000000010ecd1      0x8e3 binaries/dhcp.o
                0x000000000010ecd1                dhcp_get_opt_val
                0x000000000010ed2a                dhcp_bld_bootp_msg
                0x000000000010ee37                dhcp_bld_disc
                0x000000000010ef20                dhcp_bld_req
                0x000000000010f092                getlocalip
 .text          0x000000000010f5b4      0x59f binaries/dns.o
                0x000000000010f5b4                dnslookup
 .text          0x000000000010fb53       0xe8 binaries/dot2ip.o
                0x000000000010fb53                dot2ip
 .text          0x000000000010fc3b      0x4c4 binaries/hexdump.o
                0x000000000010fc3b                hexdump
                0x000000000010fde2                hexadump
 .text          0x00000000001100ff      0x8af binaries/icmp.o
                0x00000000001100ff                icmp_init
                0x0000000000110136                icmp_in
                0x000000000011030c                icmp_register
                0x0000000000110407                icmp_recv
                0x0000000000110593                icmp_send
                0x000000000011061b                icmp_mkpkt
                0x0000000000110735                icmp_release
                0x0000000000110833                icmp_cksum
                0x00000000001108c6                icmp_hton
                0x000000000011093a                icmp_ntoh
 .text          0x00000000001109ae      0x8a5 binaries/ip.o
                0x00000000001109ae                ip_in
                0x0000000000110b32                ip_send
                0x0000000000110c8d                ip_local
                0x0000000000110cd9                ip_out
                0x0000000000110e12                ipcksum
                0x0000000000110e98                ip_ntoh
                0x0000000000110f84                ip_hton
                0x0000000000111070                ipout
                0x000000000011119f                ip_enqueue
 .text          0x0000000000111253      0x2cd binaries/net.o
                0x0000000000111253                net_init
                0x000000000011137b                netin
                0x0000000000111438                eth_hton
                0x0000000000111462                eth_ntoh
                0x000000000011148c                getport
 .text          0x0000000000111520     0x147f binaries/pdump.o
                0x0000000000111520                pdump
                0x00000000001122dd                pdumph
 .text          0x000000000011299f      0x613 binaries/tftp.o
                0x000000000011299f                tftp_send1
                0x0000000000112b17                tftpget
                0x0000000000112b49                tftpget_mb
 .text          0x0000000000112fb2      0xb82 binaries/udp.o
                0x0000000000112fb2                udp_init
                0x0000000000112fe7                udp_in
                0x0000000000113129                udp_register
                0x0000000000113266                udp_recv
                0x0000000000113402                udp_recvaddr
                0x00000000001135b6                udp_send
                0x000000000011379e                udp_sendto
                0x000000000011394f                udp_release
                0x0000000000113a4a                udp_ntoh
                0x0000000000113abf                udp_hton
 .text          0x0000000000113b34      0x13d binaries/addargs.o
                0x0000000000113b34                addargs
 .text          0x0000000000113c71      0x2c9 binaries/lexan.o
                0x0000000000113c71                lexan
 .text          0x0000000000113f3a      0x66d binaries/shell.o
                0x0000000000113f3a                shell
 .text          0x00000000001145a7       0x69 binaries/xsh_argecho.o
                0x00000000001145a7                xsh_argecho
 .text          0x0000000000114610      0x275 binaries/xsh_arp.o
                0x0000000000114610                xsh_arp
 .text          0x0000000000114885      0x290 binaries/xsh_cat.o
                0x0000000000114885                xsh_cat
 .text          0x0000000000114b15       0x63 binaries/xsh_clear.o
                0x0000000000114b15                xsh_clear
 .text          0x0000000000114b78      0x313 binaries/xsh_date.o
                0x0000000000114b78                xsh_date
 .text          0x0000000000114e8b       0xb3 binaries/xsh_devdump.o
                0x0000000000114e8b                xsh_devdump
 .text          0x0000000000114f3e       0x72 binaries/xsh_echo.o
                0x0000000000114f3e                xsh_echo
 .text          0x0000000000114fb0        0xa binaries/xsh_exit.o
                0x0000000000114fb0                xsh_exit
 .text          0x0000000000114fba      0x393 binaries/xsh_help.o
                0x0000000000114fba                xsh_help
 .text          0x000000000011534d      0x262 binaries/xsh_kill.o
                0x000000000011534d                xsh_kill
 .text          0x00000000001155af      0x563 binaries/xsh_memdump.o
                0x00000000001155af                xsh_memdump
 .text          0x0000000000115b12      0x2bb binaries/xsh_memstat.o
                0x0000000000115b12                xsh_memstat
 .text          0x0000000000115dcd      0x521 binaries/xsh_netinfo.o
                0x0000000000115dcd                xsh_netinfo
 .text          0x00000000001162ee      0x4bc binaries/xsh_ping.o
                0x00000000001162ee                xsh_ping
 .text          0x00000000001167aa       0x45 binaries/xsh_printprocstk.o
                0x00000000001167aa                xsh_printprocstk
 .text          0x00000000001167ef      0x2ac binaries/xsh_ps.o
                0x00000000001167ef                xsh_ps
 .text          0x0000000000116a9b       0x2f binaries/xsh_reset.o
                0x0000000000116a9b                xsh_reset
 .text          0x0000000000116aca      0x23e binaries/xsh_sleep.o
                0x0000000000116aca                xsh_sleep
 .text          0x0000000000116d08      0x284 binaries/xsh_udpdump.o
                0x0000000000116d08                xsh_udpdump
 .text          0x0000000000116f8c      0x4f4 binaries/xsh_udpecho.o
                0x0000000000116f8c                xsh_udpecho
 .text          0x0000000000117480      0x2ce binaries/xsh_udpserver.o
                0x0000000000117480                xsh_udpeserver
 .text          0x000000000011774e      0x1fd binaries/xsh_uptime.o
                0x000000000011774e                xsh_uptime
 .text          0x000000000011794b        0xe binaries/clkdisp.o
                0x000000000011794b                clkdisp
 .text          0x0000000000117959       0x19 binaries/ctxsw.o
                0x0000000000117959                ctxsw
 .text          0x0000000000117972      0x36b binaries/intr.o
                0x0000000000117972                disable
                0x000000000011797b                restore
                0x0000000000117989                enable
                0x000000000011798b                pause
                0x0000000000117992                halt
                0x0000000000117998                spurious_irq7
                0x000000000011799d                spurious_irq15
                0x00000000001179ac                _Xint0
                0x00000000001179b7                _Xint1
                0x00000000001179c2                _Xint2
                0x00000000001179cd                _Xint3
                0x00000000001179d8                _Xint4
                0x00000000001179e3                _Xint5
                0x00000000001179ee                _Xint6
                0x00000000001179f9                _Xint7
                0x0000000000117a04                _Xint8
                0x0000000000117a0f                _Xint9
                0x0000000000117a1a                _Xint10
                0x0000000000117a25                _Xint11
                0x0000000000117a33                _Xint12
                0x0000000000117a41                _Xint13
                0x0000000000117a4f                _Xint14
                0x0000000000117a5d                _Xint15
                0x0000000000117a6b                _Xint16
                0x0000000000117a79                _Xint17
                0x0000000000117a87                _Xint18
                0x0000000000117a95                _Xint19
                0x0000000000117aa3                _Xint20
                0x0000000000117ab1                _Xint21
                0x0000000000117abf                _Xint22
                0x0000000000117acd                _Xint23
                0x0000000000117adb                _Xint24
                0x0000000000117ae9                _Xint25
                0x0000000000117af7                _Xint26
                0x0000000000117b05                _Xint27
                0x0000000000117b13                _Xint28
                0x0000000000117b21                _Xint29
                0x0000000000117b2f                _Xint30
                0x0000000000117b3d                _Xint31
                0x0000000000117b4b                _Xint32
                0x0000000000117b59                _Xint33
                0x0000000000117b67                _Xint34
                0x0000000000117b75                _Xint35
                0x0000000000117b83                _Xint36
                0x0000000000117b91                _Xint37
                0x0000000000117b9f                _Xint38
                0x0000000000117bad                _Xint39
                0x0000000000117bbb                _Xint40
                0x0000000000117bc9                _Xint41
                0x0000000000117bd7                _Xint42
                0x0000000000117be5                _Xint43
                0x0000000000117bf3                _Xint44
                0x0000000000117c01                _Xint45
                0x0000000000117c0f                _Xint46
                0x0000000000117c1d                defevec
 .text          0x0000000000117cdd        0xf binaries/ttydispatch.o
                0x0000000000117cdd                ttydispatch
 .text          0x0000000000117cec       0x13 binaries/ethdispatch.o
                0x0000000000117cec                ethdispatch
 *(.rodata .rodata.*)
 *fill*         0x0000000000117cff        0x1 
 .rodata        0x0000000000117d00       0x8e binaries/ascdate.o
 .rodata        0x0000000000117d8e       0xae binaries/conf.o
 .rodata        0x0000000000117e3c      0x22f binaries/evec.o
 *fill*         0x000000000011806b        0x1 
 .rodata        0x000000000011806c       0x61 binaries/getutime.o
 *fill*         0x00000000001180cd        0x3 
 .rodata        0x00000000001180d0       0x90 binaries/i386.o
 .rodata        0x0000000000118160      0x180 binaries/initialize.o
 .rodata        0x00000000001182e0       0x20 binaries/kill.o
 .rodata        0x0000000000118300      0x122 binaries/main.o
 .rodata        0x0000000000118422        0xf binaries/panic.o
 *fill*         0x0000000000118431        0x3 
 .rodata        0x0000000000118434      0x1ec binaries/pci.o
 .rodata        0x0000000000118620      0x119 binaries/printprocstk.o
 *fill*         0x0000000000118739        0x3 
 .rodata        0x000000000011873c      0x184 binaries/print_syscalls.o
 .rodata        0x00000000001188c0       0x1d binaries/ptinit.o
 *fill*         0x00000000001188dd        0x3 
 .rodata        0x00000000001188e0       0x25 binaries/ptsend.o
 *fill*         0x0000000000118905        0x3 
 .rodata        0x0000000000118908       0xb7 binaries/stacktrace.o
 *fill*         0x00000000001189bf        0x1 
 .rodata        0x00000000001189c0       0x27 binaries/xdone.o
 *fill*         0x00000000001189e7       0x19 
 .rodata        0x0000000000118a00       0x81 binaries/ctype_.o
                0x0000000000118a00                _ctype_
 *fill*         0x0000000000118a81        0x3 
 .rodata        0x0000000000118a84       0xee binaries/doprnt.o
 *fill*         0x0000000000118b72        0x2 
 .rodata        0x0000000000118b74       0x98 binaries/doscan.o
 .rodata        0x0000000000118c0c       0xae binaries/fdoprnt.o
 *fill*         0x0000000000118cba        0x2 
 .rodata        0x0000000000118cbc       0x20 binaries/ttycontrol.o
 .rodata        0x0000000000118cdc       0x34 binaries/ttyhandler.o
 .rodata        0x0000000000118d10       0x80 binaries/naminit.o
 .rodata        0x0000000000118d90       0x2e binaries/82545EMInit.o
 *fill*         0x0000000000118dbe        0x2 
 .rodata        0x0000000000118dc0       0x78 binaries/ethinit.o
 .rodata        0x0000000000118e38       0x18 binaries/ethread.o
 .rodata        0x0000000000118e50       0x2c binaries/rdsbufalloc.o
 .rodata        0x0000000000118e7c       0x76 binaries/rdscomm.o
 *fill*         0x0000000000118ef2        0x2 
 .rodata        0x0000000000118ef4       0x48 binaries/rdscontrol.o
 .rodata        0x0000000000118f3c       0x96 binaries/rdsinit.o
 *fill*         0x0000000000118fd2        0x2 
 .rodata        0x0000000000118fd4       0x22 binaries/rdsopen.o
 *fill*         0x0000000000118ff6        0x2 
 .rodata        0x0000000000118ff8       0x4d binaries/rdsprocess.o
 .rodata        0x0000000000119045        0x9 binaries/raminit.o
 *fill*         0x000000000011904e        0x2 
 .rodata        0x0000000000119050       0x37 binaries/lfdballoc.o
 .rodata        0x0000000000119087       0x14 binaries/lfiballoc.o
 *fill*         0x000000000011909b        0x1 
 .rodata        0x000000000011909c       0x23 binaries/lflcontrol.o
 *fill*         0x00000000001190bf        0x1 
 .rodata        0x00000000001190c0      0x11b binaries/lfsckfmt.o
 *fill*         0x00000000001191db        0x1 
 .rodata        0x00000000001191dc       0x2a binaries/lfsopen.o
 *fill*         0x0000000000119206        0x2 
 .rodata        0x0000000000119208       0x21 binaries/rflread.o
 *fill*         0x0000000000119229        0x3 
 .rodata        0x000000000011922c       0x21 binaries/rflwrite.o
 *fill*         0x000000000011924d        0x3 
 .rodata        0x0000000000119250       0x75 binaries/rfscomm.o
 *fill*         0x00000000001192c5        0x3 
 .rodata        0x00000000001192c8       0x3c binaries/rfscontrol.o
 .rodata        0x0000000000119304       0x63 binaries/rfsinit.o
 *fill*         0x0000000000119367        0x1 
 .rodata        0x0000000000119368       0x2a binaries/rfsndmsg.o
 *fill*         0x0000000000119392        0x2 
 .rodata        0x0000000000119394       0x22 binaries/rfsopen.o
 *fill*         0x00000000001193b6        0x2 
 .rodata        0x00000000001193b8       0x3a binaries/arp.o
 *fill*         0x00000000001193f2        0x2 
 .rodata        0x00000000001193f4       0xcf binaries/dhcp.o
 .rodata        0x00000000001194c3       0x1a binaries/dns.o
 *fill*         0x00000000001194dd        0x3 
 .rodata        0x00000000001194e0       0xc9 binaries/hexdump.o
 *fill*         0x00000000001195a9        0x3 
 .rodata        0x00000000001195ac       0x29 binaries/icmp.o
 *fill*         0x00000000001195d5        0x3 
 .rodata        0x00000000001195d8       0x6e binaries/ip.o
 *fill*         0x0000000000119646        0x2 
 .rodata        0x0000000000119648       0x4f binaries/net.o
 *fill*         0x0000000000119697        0x1 
 .rodata        0x0000000000119698      0x26f binaries/pdump.o
 *fill*         0x0000000000119907        0x1 
 .rodata        0x0000000000119908      0x154 binaries/tftp.o
 *fill*         0x0000000000119a5c        0x4 
 .rodata        0x0000000000119a60      0x3f9 binaries/shell.o
                0x0000000000119b00                cmdtab
 .rodata        0x0000000000119e59       0x28 binaries/xsh_argecho.o
 *fill*         0x0000000000119e81        0x3 
 .rodata        0x0000000000119e84      0x123 binaries/xsh_arp.o
 *fill*         0x0000000000119fa7        0x1 
 .rodata        0x0000000000119fa8       0xc9 binaries/xsh_cat.o
 .rodata        0x000000000011a071       0x19 binaries/xsh_clear.o
 *fill*         0x000000000011a08a        0x2 
 .rodata        0x000000000011a08c      0x1c3 binaries/xsh_date.o
 .rodata        0x000000000011a24f       0x5d binaries/xsh_devdump.o
 .rodata        0x000000000011a2ac        0x9 binaries/xsh_echo.o
 *fill*         0x000000000011a2b5        0x3 
 .rodata        0x000000000011a2b8      0x169 binaries/xsh_help.o
 *fill*         0x000000000011a421        0x3 
 .rodata        0x000000000011a424      0x12e binaries/xsh_kill.o
 *fill*         0x000000000011a552        0x2 
 .rodata        0x000000000011a554      0x266 binaries/xsh_memdump.o
 *fill*         0x000000000011a7ba        0x2 
 .rodata        0x000000000011a7bc      0x225 binaries/xsh_memstat.o
 *fill*         0x000000000011a9e1        0x3 
 .rodata        0x000000000011a9e4      0x1b0 binaries/xsh_netinfo.o
 .rodata        0x000000000011ab94      0x1a1 binaries/xsh_ping.o
 *fill*         0x000000000011ad35        0x3 
 .rodata        0x000000000011ad38       0x23 binaries/xsh_printprocstk.o
 *fill*         0x000000000011ad5b        0x5 
 .rodata        0x000000000011ad60      0x220 binaries/xsh_ps.o
 .rodata        0x000000000011af80       0x18 binaries/xsh_reset.o
 .rodata        0x000000000011af98       0xeb binaries/xsh_sleep.o
 *fill*         0x000000000011b083        0x1 
 .rodata        0x000000000011b084      0x1b8 binaries/xsh_udpdump.o
 .rodata        0x000000000011b23c      0x215 binaries/xsh_udpecho.o
 *fill*         0x000000000011b451        0x3 
 .rodata        0x000000000011b454      0x12b binaries/xsh_udpserver.o
 *fill*         0x000000000011b57f        0x1 
 .rodata        0x000000000011b580      0x105 binaries/xsh_uptime.o
                0x000000000011b685                etext = ABSOLUTE (.)
                0x000000000011c000                . = ALIGN (0x1000)
 *fill*         0x000000000011b685      0x97b 

.eh_frame       0x000000000011c000     0x2d74
 .eh_frame      0x000000000011c000       0x38 binaries/ascdate.o
 .eh_frame      0x000000000011c038       0x20 binaries/bufinit.o
                                         0x38 (size before relaxing)
 .eh_frame      0x000000000011c058       0x20 binaries/chprio.o
                                         0x38 (size before relaxing)
 .eh_frame      0x000000000011c078       0x20 binaries/clkhandler.o
                                         0x38 (size before relaxing)
 .eh_frame      0x000000000011c098       0x20 binaries/clkinit.o
                                         0x38 (size before relaxing)
 .eh_frame      0x000000000011c0b8       0x20 binaries/close.o
                                         0x38 (size before relaxing)
 .eh_frame      0x000000000011c0d8       0x20 binaries/control.o
                                         0x38 (size before relaxing)
 .eh_frame      0x000000000011c0f8       0x4c binaries/create.o
                                         0x64 (size before relaxing)
 .eh_frame      0x000000000011c144       0x60 binaries/evec.o
                                         0x78 (size before relaxing)
 .eh_frame      0x000000000011c1a4       0x20 binaries/exit.o
                                         0x38 (size before relaxing)
 .eh_frame      0x000000000011c1c4       0x20 binaries/freebuf.o
                                         0x38 (size before relaxing)
 .eh_frame      0x000000000011c1e4       0x20 binaries/freemem.o
                                         0x38 (size before relaxing)
 .eh_frame      0x000000000011c204       0x20 binaries/getbuf.o
                                         0x38 (size before relaxing)
 .eh_frame      0x000000000011c224       0x20 binaries/getc.o
                                         0x38 (size before relaxing)
 .eh_frame      0x000000000011c244       0x20 binaries/getdev.o
                                         0x38 (size before relaxing)
 .eh_frame      0x000000000011c264       0x60 binaries/getitem.o
                                         0x78 (size before relaxing)
 .eh_frame      0x000000000011c2c4       0x20 binaries/getmem.o
                                         0x38 (size before relaxing)
 .eh_frame      0x000000000011c2e4       0x20 binaries/getpid.o
                                         0x38 (size before relaxing)
 .eh_frame      0x000000000011c304       0x20 binaries/getprio.o
                                         0x38 (size before relaxing)
 .eh_frame      0x000000000011c324       0x20 binaries/getstk.o
                                         0x38 (size before relaxing)
 .eh_frame      0x000000000011c344       0x20 binaries/getticks.o
                                         0x38 (size before relaxing)
 .eh_frame      0x000000000011c364       0x20 binaries/gettime.o
                                         0x38 (size before relaxing)
 .eh_frame      0x000000000011c384       0x20 binaries/getutime.o
                                         0x38 (size before relaxing)
 .eh_frame      0x000000000011c3a4       0x8c binaries/i386.o
                                         0xa4 (size before relaxing)
 .eh_frame      0x000000000011c430       0x20 binaries/init.o
                                         0x38 (size before relaxing)
 .eh_frame      0x000000000011c450       0xac binaries/initialize.o
                                         0xc4 (size before relaxing)
 .eh_frame      0x000000000011c4fc       0x20 binaries/insert.o
                                         0x38 (size before relaxing)
 .eh_frame      0x000000000011c51c       0x20 binaries/insertd.o
                                         0x38 (size before relaxing)
 .eh_frame      0x000000000011c53c       0x20 binaries/ioerr.o
                                         0x38 (size before relaxing)
 .eh_frame      0x000000000011c55c       0x20 binaries/ionull.o
                                         0x38 (size before relaxing)
 .eh_frame      0x000000000011c57c       0x2c binaries/kill.o
                                         0x44 (size before relaxing)
 .eh_frame      0x000000000011c5a8       0x60 binaries/kprintf.o
                                         0x78 (size before relaxing)
 .eh_frame      0x000000000011c608       0x64 binaries/main.o
                                         0x7c (size before relaxing)
 .eh_frame      0x000000000011c66c       0x40 binaries/mark.o
                                         0x58 (size before relaxing)
 .eh_frame      0x000000000011c6ac       0x20 binaries/meminit.o
                                         0x38 (size before relaxing)
 .eh_frame      0x000000000011c6cc       0x20 binaries/mkbufpool.o
                                         0x38 (size before relaxing)
 .eh_frame      0x000000000011c6ec       0x20 binaries/newqueue.o
                                         0x38 (size before relaxing)
 .eh_frame      0x000000000011c70c       0x20 binaries/open.o
                                         0x38 (size before relaxing)
 .eh_frame      0x000000000011c72c       0x1c binaries/panic.o
                                         0x34 (size before relaxing)
 .eh_frame      0x000000000011c748      0x1c8 binaries/pci.o
                                        0x1e0 (size before relaxing)
 .eh_frame      0x000000000011c910       0x30 binaries/printprocstk.o
                                         0x48 (size before relaxing)
 .eh_frame      0x000000000011c940       0x24 binaries/print_syscalls.o
                                         0x3c (size before relaxing)
 .eh_frame      0x000000000011c964       0x20 binaries/ptclear.o
                                         0x38 (size before relaxing)
 .eh_frame      0x000000000011c984       0x20 binaries/ptcount.o
                                         0x38 (size before relaxing)
 .eh_frame      0x000000000011c9a4       0x20 binaries/ptcreate.o
                                         0x38 (size before relaxing)
 .eh_frame      0x000000000011c9c4       0x20 binaries/ptdelete.o
                                         0x38 (size before relaxing)
 .eh_frame      0x000000000011c9e4       0x20 binaries/ptinit.o
                                         0x38 (size before relaxing)
 .eh_frame      0x000000000011ca04       0x20 binaries/ptrecv.o
                                         0x38 (size before relaxing)
 .eh_frame      0x000000000011ca24       0x20 binaries/ptreset.o
                                         0x38 (size before relaxing)
 .eh_frame      0x000000000011ca44       0x20 binaries/ptsend.o
                                         0x38 (size before relaxing)
 .eh_frame      0x000000000011ca64       0x20 binaries/putc.o
                                         0x38 (size before relaxing)
 .eh_frame      0x000000000011ca84       0x40 binaries/queue.o
                                         0x58 (size before relaxing)
 .eh_frame      0x000000000011cac4       0x20 binaries/read.o
                                         0x38 (size before relaxing)
 .eh_frame      0x000000000011cae4       0x30 binaries/ready.o
                                         0x48 (size before relaxing)
 .eh_frame      0x000000000011cb14       0x2c binaries/receive.o
                                         0x44 (size before relaxing)
 .eh_frame      0x000000000011cb40       0x20 binaries/recvclr.o
                                         0x38 (size before relaxing)
 .eh_frame      0x000000000011cb60       0x2c binaries/recvtime.o
                                         0x44 (size before relaxing)
 .eh_frame      0x000000000011cb8c       0x4c binaries/resched.o
                                         0x64 (size before relaxing)
 .eh_frame      0x000000000011cbd8       0x20 binaries/resume.o
                                         0x38 (size before relaxing)
 .eh_frame      0x000000000011cbf8       0x20 binaries/seek.o
                                         0x38 (size before relaxing)
 .eh_frame      0x000000000011cc18       0x20 binaries/semcount.o
                                         0x38 (size before relaxing)
 .eh_frame      0x000000000011cc38       0x40 binaries/semcreate.o
                                         0x58 (size before relaxing)
 .eh_frame      0x000000000011cc78       0x20 binaries/semdelete.o
                                         0x38 (size before relaxing)
 .eh_frame      0x000000000011cc98       0x20 binaries/semreset.o
                                         0x38 (size before relaxing)
 .eh_frame      0x000000000011ccb8       0x20 binaries/send.o
                                         0x38 (size before relaxing)
 .eh_frame      0x000000000011ccd8       0x20 binaries/signal.o
                                         0x38 (size before relaxing)
 .eh_frame      0x000000000011ccf8       0x20 binaries/signaln.o
                                         0x38 (size before relaxing)
 .eh_frame      0x000000000011cd18       0x4c binaries/sleep.o
                                         0x64 (size before relaxing)
 .eh_frame      0x000000000011cd64       0x20 binaries/stacktrace.o
                                         0x38 (size before relaxing)
 .eh_frame      0x000000000011cd84       0x2c binaries/suspend.o
                                         0x44 (size before relaxing)
 .eh_frame      0x000000000011cdb0       0x20 binaries/unsleep.o
                                         0x38 (size before relaxing)
 .eh_frame      0x000000000011cdd0       0x20 binaries/userret.o
                                         0x38 (size before relaxing)
 .eh_frame      0x000000000011cdf0       0x2c binaries/wait.o
                                         0x44 (size before relaxing)
 .eh_frame      0x000000000011ce1c       0x20 binaries/wakeup.o
                                         0x38 (size before relaxing)
 .eh_frame      0x000000000011ce3c       0x20 binaries/write.o
                                         0x38 (size before relaxing)
 .eh_frame      0x000000000011ce5c       0x20 binaries/xdone.o
                                         0x38 (size before relaxing)
 .eh_frame      0x000000000011ce7c       0x20 binaries/yield.o
                                         0x38 (size before relaxing)
 .eh_frame      0x000000000011ce9c       0x20 binaries/abs.o
                                         0x38 (size before relaxing)
 .eh_frame      0x000000000011cebc       0x20 binaries/atoi.o
                                         0x38 (size before relaxing)
 .eh_frame      0x000000000011cedc       0x20 binaries/atol.o
                                         0x38 (size before relaxing)
 .eh_frame      0x000000000011cefc       0x20 binaries/bzero.o
                                         0x38 (size before relaxing)
 .eh_frame      0x000000000011cf1c       0xe0 binaries/doprnt.o
                                         0xf8 (size before relaxing)
 .eh_frame      0x000000000011cffc       0xb0 binaries/doscan.o
                                         0xc8 (size before relaxing)
 .eh_frame      0x000000000011d0ac       0xc0 binaries/fdoprnt.o
                                         0xd8 (size before relaxing)
 .eh_frame      0x000000000011d16c       0x20 binaries/fgetc.o
                                         0x38 (size before relaxing)
 .eh_frame      0x000000000011d18c       0x20 binaries/fgets.o
                                         0x38 (size before relaxing)
 .eh_frame      0x000000000011d1ac       0x20 binaries/fprintf.o
                                         0x38 (size before relaxing)
 .eh_frame      0x000000000011d1cc       0x20 binaries/fputc.o
                                         0x38 (size before relaxing)
 .eh_frame      0x000000000011d1ec       0x20 binaries/fputs.o
                                         0x38 (size before relaxing)
 .eh_frame      0x000000000011d20c       0x60 binaries/fscanf.o
                                         0x78 (size before relaxing)
 .eh_frame      0x000000000011d26c       0x20 binaries/getchar.o
                                         0x38 (size before relaxing)
 .eh_frame      0x000000000011d28c       0x20 binaries/labs.o
                                         0x38 (size before relaxing)
 .eh_frame      0x000000000011d2ac       0x20 binaries/memcmp.o
                                         0x38 (size before relaxing)
 .eh_frame      0x000000000011d2cc       0x24 binaries/memcpy.o
                                         0x3c (size before relaxing)
 .eh_frame      0x000000000011d2f0       0x24 binaries/memset.o
                                         0x3c (size before relaxing)
 .eh_frame      0x000000000011d314       0x20 binaries/printf.o
                                         0x38 (size before relaxing)
 .eh_frame      0x000000000011d334       0x20 binaries/putchar.o
                                         0x38 (size before relaxing)
 .eh_frame      0x000000000011d354       0xa8 binaries/qsort.o
                                         0xc0 (size before relaxing)
 .eh_frame      0x000000000011d3fc       0x60 binaries/rand.o
                                         0x78 (size before relaxing)
 .eh_frame      0x000000000011d45c       0x40 binaries/sprintf.o
                                         0x58 (size before relaxing)
 .eh_frame      0x000000000011d49c       0x60 binaries/sscanf.o
                                         0x78 (size before relaxing)
 .eh_frame      0x000000000011d4fc       0x20 binaries/strchr.o
                                         0x38 (size before relaxing)
 .eh_frame      0x000000000011d51c       0x20 binaries/strcmp.o
                                         0x38 (size before relaxing)
 .eh_frame      0x000000000011d53c       0x20 binaries/strcpy.o
                                         0x38 (size before relaxing)
 .eh_frame      0x000000000011d55c       0x20 binaries/strlen.o
                                         0x38 (size before relaxing)
 .eh_frame      0x000000000011d57c       0x20 binaries/strncat.o
                                         0x38 (size before relaxing)
 .eh_frame      0x000000000011d59c       0x20 binaries/strncmp.o
                                         0x38 (size before relaxing)
 .eh_frame      0x000000000011d5bc       0x28 binaries/strncpy.o
                                         0x40 (size before relaxing)
 .eh_frame      0x000000000011d5e4       0x20 binaries/strnlen.o
                                         0x38 (size before relaxing)
 .eh_frame      0x000000000011d604       0x20 binaries/strrchr.o
                                         0x38 (size before relaxing)
 .eh_frame      0x000000000011d624       0x20 binaries/strstr.o
                                         0x38 (size before relaxing)
 .eh_frame      0x000000000011d644       0x20 binaries/ttycontrol.o
                                         0x38 (size before relaxing)
 .eh_frame      0x000000000011d664       0x20 binaries/ttygetc.o
                                         0x38 (size before relaxing)
 .eh_frame      0x000000000011d684       0x80 binaries/ttyhandle_in.o
                                         0x98 (size before relaxing)
 .eh_frame      0x000000000011d704       0x20 binaries/ttyhandle_out.o
                                         0x38 (size before relaxing)
 .eh_frame      0x000000000011d724       0x20 binaries/ttyhandler.o
                                         0x38 (size before relaxing)
 .eh_frame      0x000000000011d744       0x20 binaries/ttyinit.o
                                         0x38 (size before relaxing)
 .eh_frame      0x000000000011d764       0x20 binaries/ttykickout.o
                                         0x38 (size before relaxing)
 .eh_frame      0x000000000011d784       0x20 binaries/ttyputc.o
                                         0x38 (size before relaxing)
 .eh_frame      0x000000000011d7a4       0x24 binaries/ttyread.o
                                         0x3c (size before relaxing)
 .eh_frame      0x000000000011d7c8       0x20 binaries/ttywrite.o
                                         0x38 (size before relaxing)
 .eh_frame      0x000000000011d7e8       0x40 binaries/mount.o
                                         0x58 (size before relaxing)
 .eh_frame      0x000000000011d828       0x20 binaries/naminit.o
                                         0x38 (size before relaxing)
 .eh_frame      0x000000000011d848       0x60 binaries/nammap.o
                                         0x78 (size before relaxing)
 .eh_frame      0x000000000011d8a8       0x20 binaries/namopen.o
                                         0x38 (size before relaxing)
 .eh_frame      0x000000000011d8c8      0x150 binaries/82545EMInit.o
                                        0x168 (size before relaxing)
 .eh_frame      0x000000000011da18       0xa0 binaries/ethcontrol.o
                                         0xb8 (size before relaxing)
 .eh_frame      0x000000000011dab8       0x80 binaries/ethhandler.o
                                         0x98 (size before relaxing)
 .eh_frame      0x000000000011db38       0x20 binaries/ethinit.o
                                         0x38 (size before relaxing)
 .eh_frame      0x000000000011db58       0x60 binaries/ethread.o
                                         0x78 (size before relaxing)
 .eh_frame      0x000000000011dbb8       0x60 binaries/ethwrite.o
                                         0x78 (size before relaxing)
 .eh_frame      0x000000000011dc18       0x20 binaries/rdsbufalloc.o
                                         0x38 (size before relaxing)
 .eh_frame      0x000000000011dc38       0x20 binaries/rdsclose.o
                                         0x38 (size before relaxing)
 .eh_frame      0x000000000011dc58       0x20 binaries/rdscomm.o
                                         0x38 (size before relaxing)
 .eh_frame      0x000000000011dc78       0x20 binaries/rdscontrol.o
                                         0x38 (size before relaxing)
 .eh_frame      0x000000000011dc98       0x20 binaries/rdsinit.o
                                         0x38 (size before relaxing)
 .eh_frame      0x000000000011dcb8       0x20 binaries/rdsopen.o
                                         0x38 (size before relaxing)
 .eh_frame      0x000000000011dcd8       0x1c binaries/rdsprocess.o
                                         0x34 (size before relaxing)
 .eh_frame      0x000000000011dcf4       0x20 binaries/rdsread.o
                                         0x38 (size before relaxing)
 .eh_frame      0x000000000011dd14       0x20 binaries/rdswrite.o
                                         0x38 (size before relaxing)
 .eh_frame      0x000000000011dd34       0x20 binaries/ramclose.o
                                         0x38 (size before relaxing)
 .eh_frame      0x000000000011dd54       0x20 binaries/raminit.o
                                         0x38 (size before relaxing)
 .eh_frame      0x000000000011dd74       0x20 binaries/ramopen.o
                                         0x38 (size before relaxing)
 .eh_frame      0x000000000011dd94       0x20 binaries/ramread.o
                                         0x38 (size before relaxing)
 .eh_frame      0x000000000011ddb4       0x20 binaries/ramwrite.o
                                         0x38 (size before relaxing)
 .eh_frame      0x000000000011ddd4       0x20 binaries/lfdballoc.o
                                         0x38 (size before relaxing)
 .eh_frame      0x000000000011ddf4       0x20 binaries/lfdbfree.o
                                         0x38 (size before relaxing)
 .eh_frame      0x000000000011de14       0x20 binaries/lfflush.o
                                         0x38 (size before relaxing)
 .eh_frame      0x000000000011de34       0x20 binaries/lfgetmode.o
                                         0x38 (size before relaxing)
 .eh_frame      0x000000000011de54       0x20 binaries/lfiballoc.o
                                         0x38 (size before relaxing)
 .eh_frame      0x000000000011de74       0x20 binaries/lfibclear.o
                                         0x38 (size before relaxing)
 .eh_frame      0x000000000011de94       0x20 binaries/lfibget.o
                                         0x38 (size before relaxing)
 .eh_frame      0x000000000011deb4       0x20 binaries/lfibput.o
                                         0x38 (size before relaxing)
 .eh_frame      0x000000000011ded4       0x20 binaries/lflclose.o
                                         0x38 (size before relaxing)
 .eh_frame      0x000000000011def4       0x20 binaries/lflcontrol.o
                                         0x38 (size before relaxing)
 .eh_frame      0x000000000011df14       0x20 binaries/lflgetc.o
                                         0x38 (size before relaxing)
 .eh_frame      0x000000000011df34       0x20 binaries/lflinit.o
                                         0x38 (size before relaxing)
 .eh_frame      0x000000000011df54       0x20 binaries/lflputc.o
                                         0x38 (size before relaxing)
 .eh_frame      0x000000000011df74       0x20 binaries/lflread.o
                                         0x38 (size before relaxing)
 .eh_frame      0x000000000011df94       0x20 binaries/lflseek.o
                                         0x38 (size before relaxing)
 .eh_frame      0x000000000011dfb4       0x20 binaries/lflwrite.o
                                         0x38 (size before relaxing)
 .eh_frame      0x000000000011dfd4       0x20 binaries/lfscheck.o
                                         0x38 (size before relaxing)
 .eh_frame      0x000000000011dff4       0x20 binaries/lfsckfmt.o
                                         0x38 (size before relaxing)
 .eh_frame      0x000000000011e014       0x20 binaries/lfscreate.o
                                         0x38 (size before relaxing)
 .eh_frame      0x000000000011e034       0x20 binaries/lfsetup.o
                                         0x38 (size before relaxing)
 .eh_frame      0x000000000011e054       0x20 binaries/lfsinit.o
                                         0x38 (size before relaxing)
 .eh_frame      0x000000000011e074       0x20 binaries/lfsopen.o
                                         0x38 (size before relaxing)
 .eh_frame      0x000000000011e094       0x20 binaries/lftruncate.o
                                         0x38 (size before relaxing)
 .eh_frame      0x000000000011e0b4       0x20 binaries/rflclose.o
                                         0x38 (size before relaxing)
 .eh_frame      0x000000000011e0d4       0x20 binaries/rflgetc.o
                                         0x38 (size before relaxing)
 .eh_frame      0x000000000011e0f4       0x20 binaries/rflinit.o
                                         0x38 (size before relaxing)
 .eh_frame      0x000000000011e114       0x20 binaries/rflputc.o
                                         0x38 (size before relaxing)
 .eh_frame      0x000000000011e134       0x20 binaries/rflread.o
                                         0x38 (size before relaxing)
 .eh_frame      0x000000000011e154       0x20 binaries/rflseek.o
                                         0x38 (size before relaxing)
 .eh_frame      0x000000000011e174       0x20 binaries/rflwrite.o
                                         0x38 (size before relaxing)
 .eh_frame      0x000000000011e194       0x20 binaries/rfscomm.o
                                         0x38 (size before relaxing)
 .eh_frame      0x000000000011e1b4       0x20 binaries/rfscontrol.o
                                         0x38 (size before relaxing)
 .eh_frame      0x000000000011e1d4       0x20 binaries/rfsgetmode.o
                                         0x38 (size before relaxing)
 .eh_frame      0x000000000011e1f4       0x20 binaries/rfsinit.o
                                         0x38 (size before relaxing)
 .eh_frame      0x000000000011e214       0x20 binaries/rfsndmsg.o
                                         0x38 (size before relaxing)
 .eh_frame      0x000000000011e234       0x20 binaries/rfsopen.o
                                         0x38 (size before relaxing)
 .eh_frame      0x000000000011e254       0xc0 binaries/arp.o
                                         0xd8 (size before relaxing)
 .eh_frame      0x000000000011e314       0xa0 binaries/dhcp.o
                                         0xb8 (size before relaxing)
 .eh_frame      0x000000000011e3b4       0x80 binaries/dns.o
                                         0x98 (size before relaxing)
 .eh_frame      0x000000000011e434       0x20 binaries/dot2ip.o
                                         0x38 (size before relaxing)
 .eh_frame      0x000000000011e454       0x40 binaries/hexdump.o
                                         0x58 (size before relaxing)
 .eh_frame      0x000000000011e494      0x14c binaries/icmp.o
                                        0x164 (size before relaxing)
 .eh_frame      0x000000000011e5e0      0x11c binaries/ip.o
                                        0x134 (size before relaxing)
 .eh_frame      0x000000000011e6fc       0xa0 binaries/net.o
                                         0xb8 (size before relaxing)
 .eh_frame      0x000000000011e79c       0x60 binaries/pdump.o
                                         0x78 (size before relaxing)
 .eh_frame      0x000000000011e7fc       0x60 binaries/tftp.o
                                         0x78 (size before relaxing)
 .eh_frame      0x000000000011e85c      0x140 binaries/udp.o
                                        0x158 (size before relaxing)
 .eh_frame      0x000000000011e99c       0x20 binaries/addargs.o
                                         0x38 (size before relaxing)
 .eh_frame      0x000000000011e9bc       0x20 binaries/lexan.o
                                         0x38 (size before relaxing)
 .eh_frame      0x000000000011e9dc       0x20 binaries/shell.o
                                         0x38 (size before relaxing)
 .eh_frame      0x000000000011e9fc       0x20 binaries/xsh_argecho.o
                                         0x38 (size before relaxing)
 .eh_frame      0x000000000011ea1c       0x40 binaries/xsh_arp.o
                                         0x58 (size before relaxing)
 .eh_frame      0x000000000011ea5c       0x20 binaries/xsh_cat.o
                                         0x38 (size before relaxing)
 .eh_frame      0x000000000011ea7c       0x20 binaries/xsh_clear.o
                                         0x38 (size before relaxing)
 .eh_frame      0x000000000011ea9c       0x20 binaries/xsh_date.o
                                         0x38 (size before relaxing)
 .eh_frame      0x000000000011eabc       0x20 binaries/xsh_devdump.o
                                         0x38 (size before relaxing)
 .eh_frame      0x000000000011eadc       0x20 binaries/xsh_echo.o
                                         0x38 (size before relaxing)
 .eh_frame      0x000000000011eafc       0x20 binaries/xsh_exit.o
                                         0x38 (size before relaxing)
 .eh_frame      0x000000000011eb1c       0x20 binaries/xsh_help.o
                                         0x38 (size before relaxing)
 .eh_frame      0x000000000011eb3c       0x20 binaries/xsh_kill.o
                                         0x38 (size before relaxing)
 .eh_frame      0x000000000011eb5c       0x40 binaries/xsh_memdump.o
                                         0x58 (size before relaxing)
 .eh_frame      0x000000000011eb9c       0x60 binaries/xsh_memstat.o
                                         0x78 (size before relaxing)
 .eh_frame      0x000000000011ebfc       0x30 binaries/xsh_netinfo.o
                                         0x48 (size before relaxing)
 .eh_frame      0x000000000011ec2c       0x24 binaries/xsh_ping.o
                                         0x3c (size before relaxing)
 .eh_frame      0x000000000011ec50       0x20 binaries/xsh_printprocstk.o
                                         0x38 (size before relaxing)
 .eh_frame      0x000000000011ec70       0x30 binaries/xsh_ps.o
                                         0x48 (size before relaxing)
 .eh_frame      0x000000000011eca0       0x20 binaries/xsh_reset.o
                                         0x38 (size before relaxing)
 .eh_frame      0x000000000011ecc0       0x20 binaries/xsh_sleep.o
                                         0x38 (size before relaxing)
 .eh_frame      0x000000000011ece0       0x20 binaries/xsh_udpdump.o
                                         0x38 (size before relaxing)
 .eh_frame      0x000000000011ed00       0x30 binaries/xsh_udpecho.o
                                         0x48 (size before relaxing)
 .eh_frame      0x000000000011ed30       0x24 binaries/xsh_udpserver.o
                                         0x3c (size before relaxing)
 .eh_frame      0x000000000011ed54       0x20 binaries/xsh_uptime.o
                                         0x38 (size before relaxing)

.iplt           0x000000000011ed80        0x0
 .iplt          0x000000000011ed80        0x0 binaries/start.o

.rel.dyn        0x000000000011ed74        0x0
 .rel.iplt      0x000000000011ed74        0x0 binaries/start.o
 .rel.text      0x000000000011ed74        0x0 binaries/start.o
 .rel.data      0x000000000011ed74        0x0 binaries/start.o
 .rel.rodata    0x000000000011ed74        0x0 binaries/start.o

.data           0x000000000011ed80     0x1280
                0x000000000011ed80                data = ABSOLUTE (.)
 *(.data .data.*)
 .data          0x000000000011ed80      0x460 binaries/start.o
                0x000000000011ed80                gdt
                0x000000000011edc0                gdtr
                0x000000000011edc6                idt
                0x000000000011f1c6                idtr
                0x000000000011f1cc                cpudelay
                0x000000000011f1d0                _bootdev
                0x000000000011f1d4                _cyloffset
 .data          0x000000000011f1e0       0x88 binaries/ascdate.o
                0x000000000011f1e0                Date
 .data          0x000000000011f268        0x0 binaries/bufinit.o
 .data          0x000000000011f268        0x0 binaries/chprio.o
 .data          0x000000000011f268        0x4 binaries/clkhandler.o
 .data          0x000000000011f26c        0x0 binaries/clkinit.o
 .data          0x000000000011f26c        0x0 binaries/close.o
 *fill*         0x000000000011f26c       0x14 
 .data          0x000000000011f280      0x5a0 binaries/conf.o
                0x000000000011f280                devtab
 .data          0x000000000011f820        0x0 binaries/control.o
 .data          0x000000000011f820        0x4 binaries/create.o
 *fill*         0x000000000011f824       0x1c 
 .data          0x000000000011f840       0x40 binaries/evec.o
                0x000000000011f840                inames
 .data          0x000000000011f880        0x0 binaries/exit.o
 .data          0x000000000011f880        0x0 binaries/freebuf.o
 .data          0x000000000011f880        0x0 binaries/freemem.o
 .data          0x000000000011f880        0x0 binaries/getbuf.o
 .data          0x000000000011f880        0x0 binaries/getc.o
 .data          0x000000000011f880        0x0 binaries/getdev.o
 .data          0x000000000011f880        0x0 binaries/getitem.o
 .data          0x000000000011f880        0x0 binaries/getmem.o
 .data          0x000000000011f880        0x0 binaries/getpid.o
 .data          0x000000000011f880        0x0 binaries/getprio.o
 .data          0x000000000011f880        0x0 binaries/getstk.o
 .data          0x000000000011f880        0x0 binaries/getticks.o
 .data          0x000000000011f880        0x0 binaries/gettime.o
 .data          0x000000000011f880        0x0 binaries/getutime.o
 .data          0x000000000011f880       0x40 binaries/i386.o
                0x000000000011f880                gdt_copy
 .data          0x000000000011f8c0        0x0 binaries/init.o
 .data          0x000000000011f8c0        0x0 binaries/initialize.o
 .data          0x000000000011f8c0        0x0 binaries/insert.o
 .data          0x000000000011f8c0        0x0 binaries/insertd.o
 .data          0x000000000011f8c0        0x0 binaries/ioerr.o
 .data          0x000000000011f8c0        0x0 binaries/ionull.o
 .data          0x000000000011f8c0        0x0 binaries/kill.o
 .data          0x000000000011f8c0        0x0 binaries/kprintf.o
 .data          0x000000000011f8c0        0x0 binaries/main.o
 .data          0x000000000011f8c0        0x0 binaries/mark.o
 .data          0x000000000011f8c0        0x0 binaries/meminit.o
 .data          0x000000000011f8c0        0x0 binaries/mkbufpool.o
[...]
 .comment       0x000000000000001d       0x1e binaries/pdump.o
 .comment       0x000000000000001d       0x1e binaries/tftp.o
 .comment       0x000000000000001d       0x1e binaries/udp.o
 .comment       0x000000000000001d       0x1e binaries/addargs.o
 .comment       0x000000000000001d       0x1e binaries/lexan.o
 .comment       0x000000000000001d       0x1e binaries/shell.o
 .comment       0x000000000000001d       0x1e binaries/xsh_argecho.o
 .comment       0x000000000000001d       0x1e binaries/xsh_arp.o
 .comment       0x000000000000001d       0x1e binaries/xsh_cat.o
 .comment       0x000000000000001d       0x1e binaries/xsh_clear.o
 .comment       0x000000000000001d       0x1e binaries/xsh_date.o
 .comment       0x000000000000001d       0x1e binaries/xsh_devdump.o
 .comment       0x000000000000001d       0x1e binaries/xsh_echo.o
 .comment       0x000000000000001d       0x1e binaries/xsh_exit.o
 .comment       0x000000000000001d       0x1e binaries/xsh_help.o
 .comment       0x000000000000001d       0x1e binaries/xsh_kill.o
 .comment       0x000000000000001d       0x1e binaries/xsh_memdump.o
 .comment       0x000000000000001d       0x1e binaries/xsh_memstat.o
 .comment       0x000000000000001d       0x1e binaries/xsh_netinfo.o
 .comment       0x000000000000001d       0x1e binaries/xsh_ping.o
 .comment       0x000000000000001d       0x1e binaries/xsh_printprocstk.o
 .comment       0x000000000000001d       0x1e binaries/xsh_ps.o
 .comment       0x000000000000001d       0x1e binaries/xsh_reset.o
 .comment       0x000000000000001d       0x1e binaries/xsh_sleep.o
 .comment       0x000000000000001d       0x1e binaries/xsh_udpdump.o
 .comment       0x000000000000001d       0x1e binaries/xsh_udpecho.o
 .comment       0x000000000000001d       0x1e binaries/xsh_udpserver.o
 .comment       0x000000000000001d       0x1e binaries/xsh_uptime.o

.note.GNU-stack
                0x0000000000000000        0x0
 .note.GNU-stack
                0x0000000000000000        0x0 binaries/ascdate.o
 .note.GNU-stack
                0x0000000000000000        0x0 binaries/bufinit.o
 .note.GNU-stack
                0x0000000000000000        0x0 binaries/chprio.o
 .note.GNU-stack
                0x0000000000000000        0x0 binaries/clkhandler.o
 .note.GNU-stack
                0x0000000000000000        0x0 binaries/clkinit.o
 .note.GNU-stack
                0x0000000000000000        0x0 binaries/close.o
 .note.GNU-stack
                0x0000000000000000        0x0 binaries/conf.o
 .note.GNU-stack
                0x0000000000000000        0x0 binaries/control.o
 .note.GNU-stack
                0x0000000000000000        0x0 binaries/create.o
 .note.GNU-stack
                0x0000000000000000        0x0 binaries/evec.o
 .note.GNU-stack
                0x0000000000000000        0x0 binaries/exit.o
 .note.GNU-stack
                0x0000000000000000        0x0 binaries/freebuf.o
 .note.GNU-stack
                0x0000000000000000        0x0 binaries/freemem.o
 .note.GNU-stack
                0x0000000000000000        0x0 binaries/getbuf.o
 .note.GNU-stack
                0x0000000000000000        0x0 binaries/getc.o
 .note.GNU-stack
                0x0000000000000000        0x0 binaries/getdev.o
 .note.GNU-stack
                0x0000000000000000        0x0 binaries/getitem.o
 .note.GNU-stack
                0x0000000000000000        0x0 binaries/getmem.o
 .note.GNU-stack
                0x0000000000000000        0x0 binaries/getpid.o
 .note.GNU-stack
                0x0000000000000000        0x0 binaries/getprio.o
 .note.GNU-stack
                0x0000000000000000        0x0 binaries/getstk.o
 .note.GNU-stack
                0x0000000000000000        0x0 binaries/getticks.o
 .note.GNU-stack
                0x0000000000000000        0x0 binaries/gettime.o
 .note.GNU-stack
                0x0000000000000000        0x0 binaries/getutime.o
 .note.GNU-stack
                0x0000000000000000        0x0 binaries/i386.o
 .note.GNU-stack
                0x0000000000000000        0x0 binaries/init.o
 .note.GNU-stack
                0x0000000000000000        0x0 binaries/initialize.o
 .note.GNU-stack
                0x0000000000000000        0x0 binaries/insert.o
 .note.GNU-stack
                0x0000000000000000        0x0 binaries/insertd.o
 .note.GNU-stack
                0x0000000000000000        0x0 binaries/ioerr.o
 .note.GNU-stack
                0x0000000000000000        0x0 binaries/ionull.o
 .note.GNU-stack
                0x0000000000000000        0x0 binaries/kill.o
 .note.GNU-stack
                0x0000000000000000        0x0 binaries/kprintf.o
 .note.GNU-stack
                0x0000000000000000        0x0 binaries/main.o
 .note.GNU-stack
                0x0000000000000000        0x0 binaries/mark.o
 .note.GNU-stack
                0x0000000000000000        0x0 binaries/meminit.o
 .note.GNU-stack
                0x0000000000000000        0x0 binaries/mkbufpool.o
 .note.GNU-stack
                0x0000000000000000        0x0 binaries/newqueue.o
 .note.GNU-stack
                0x0000000000000000        0x0 binaries/open.o
 .note.GNU-stack
                0x0000000000000000        0x0 binaries/panic.o
 .note.GNU-stack
                0x0000000000000000        0x0 binaries/pci.o
 .note.GNU-stack
                0x0000000000000000        0x0 binaries/printprocstk.o
 .note.GNU-stack
                0x0000000000000000        0x0 binaries/print_syscalls.o
 .note.GNU-stack
                0x0000000000000000        0x0 binaries/ptclear.o
 .note.GNU-stack
                0x0000000000000000        0x0 binaries/ptcount.o
 .note.GNU-stack
                0x0000000000000000        0x0 binaries/ptcreate.o
 .note.GNU-stack
                0x0000000000000000        0x0 binaries/ptdelete.o
 .note.GNU-stack
                0x0000000000000000        0x0 binaries/ptinit.o
 .note.GNU-stack
                0x0000000000000000        0x0 binaries/ptrecv.o
 .note.GNU-stack
                0x0000000000000000        0x0 binaries/ptreset.o
 .note.GNU-stack
                0x0000000000000000        0x0 binaries/ptsend.o
 .note.GNU-stack
                0x0000000000000000        0x0 binaries/putc.o
 .note.GNU-stack
                0x0000000000000000        0x0 binaries/queue.o
 .note.GNU-stack
                0x0000000000000000        0x0 binaries/read.o
 .note.GNU-stack
                0x0000000000000000        0x0 binaries/ready.o
 .note.GNU-stack
                0x0000000000000000        0x0 binaries/receive.o
 .note.GNU-stack
                0x0000000000000000        0x0 binaries/recvclr.o
 .note.GNU-stack
                0x0000000000000000        0x0 binaries/recvtime.o
 .note.GNU-stack
                0x0000000000000000        0x0 binaries/resched.o
 .note.GNU-stack
                0x0000000000000000        0x0 binaries/resume.o
 .note.GNU-stack
                0x0000000000000000        0x0 binaries/seek.o
 .note.GNU-stack
                0x0000000000000000        0x0 binaries/semcount.o
 .note.GNU-stack
                0x0000000000000000        0x0 binaries/semcreate.o
 .note.GNU-stack
                0x0000000000000000        0x0 binaries/semdelete.o
 .note.GNU-stack
                0x0000000000000000        0x0 binaries/semreset.o
 .note.GNU-stack
                0x0000000000000000        0x0 binaries/send.o
 .note.GNU-stack
                0x0000000000000000        0x0 binaries/signal.o
 .note.GNU-stack
                0x0000000000000000        0x0 binaries/signaln.o
 .note.GNU-stack
                0x0000000000000000        0x0 binaries/sleep.o
 .note.GNU-stack
                0x0000000000000000        0x0 binaries/stacktrace.o
 .note.GNU-stack
                0x0000000000000000        0x0 binaries/suspend.o
 .note.GNU-stack
                0x0000000000000000        0x0 binaries/unsleep.o
 .note.GNU-stack
                0x0000000000000000        0x0 binaries/userret.o
 .note.GNU-stack
                0x0000000000000000        0x0 binaries/wait.o
 .note.GNU-stack
                0x0000000000000000        0x0 binaries/wakeup.o
 .note.GNU-stack
                0x0000000000000000        0x0 binaries/write.o
 .note.GNU-stack
                0x0000000000000000        0x0 binaries/xdone.o
 .note.GNU-stack
                0x0000000000000000        0x0 binaries/yield.o
 .note.GNU-stack
                0x0000000000000000        0x0 binaries/abs.o
 .note.GNU-stack
                0x0000000000000000        0x0 binaries/atoi.o
 .note.GNU-stack
                0x0000000000000000        0x0 binaries/atol.o
 .note.GNU-stack
                0x0000000000000000        0x0 binaries/bzero.o
 .note.GNU-stack
                0x0000000000000000        0x0 binaries/ctype_.o
 .note.GNU-stack
                0x0000000000000000        0x0 binaries/doprnt.o
 .note.GNU-stack
                0x0000000000000000        0x0 binaries/doscan.o
 .note.GNU-stack
                0x0000000000000000        0x0 binaries/fdoprnt.o
 .note.GNU-stack
                0x0000000000000000        0x0 binaries/fgetc.o
 .note.GNU-stack
                0x0000000000000000        0x0 binaries/fgets.o
 .note.GNU-stack
                0x0000000000000000        0x0 binaries/fprintf.o
 .note.GNU-stack
                0x0000000000000000        0x0 binaries/fputc.o
 .note.GNU-stack
                0x0000000000000000        0x0 binaries/fputs.o
 .note.GNU-stack
                0x0000000000000000        0x0 binaries/fscanf.o
 .note.GNU-stack
                0x0000000000000000        0x0 binaries/getchar.o
 .note.GNU-stack
                0x0000000000000000        0x0 binaries/labs.o
 .note.GNU-stack
                0x0000000000000000        0x0 binaries/memchr.o
 .note.GNU-stack
                0x0000000000000000        0x0 binaries/memcmp.o
 .note.GNU-stack
                0x0000000000000000        0x0 binaries/memcpy.o
 .note.GNU-stack
                0x0000000000000000        0x0 binaries/memset.o
 .note.GNU-stack
                0x0000000000000000        0x0 binaries/printf.o
 .note.GNU-stack
                0x0000000000000000        0x0 binaries/putchar.o
 .note.GNU-stack
                0x0000000000000000        0x0 binaries/qsort.o
 .note.GNU-stack
                0x0000000000000000        0x0 binaries/rand.o
 .note.GNU-stack
                0x0000000000000000        0x0 binaries/sprintf.o
 .note.GNU-stack
                0x0000000000000000        0x0 binaries/sscanf.o
 .note.GNU-stack
                0x0000000000000000        0x0 binaries/strchr.o
 .note.GNU-stack
                0x0000000000000000        0x0 binaries/strcmp.o
 .note.GNU-stack
                0x0000000000000000        0x0 binaries/strcpy.o
 .note.GNU-stack
                0x0000000000000000        0x0 binaries/strlen.o
 .note.GNU-stack
                0x0000000000000000        0x0 binaries/strncat.o
 .note.GNU-stack
                0x0000000000000000        0x0 binaries/strncmp.o
 .note.GNU-stack
                0x0000000000000000        0x0 binaries/strncpy.o
 .note.GNU-stack
                0x0000000000000000        0x0 binaries/strnlen.o
 .note.GNU-stack
                0x0000000000000000        0x0 binaries/strrchr.o
 .note.GNU-stack
                0x0000000000000000        0x0 binaries/strstr.o
 .note.GNU-stack
                0x0000000000000000        0x0 binaries/ttycontrol.o
 .note.GNU-stack
                0x0000000000000000        0x0 binaries/ttygetc.o
 .note.GNU-stack
                0x0000000000000000        0x0 binaries/ttyhandle_in.o
 .note.GNU-stack
                0x0000000000000000        0x0 binaries/ttyhandle_out.o
 .note.GNU-stack
                0x0000000000000000        0x0 binaries/ttyhandler.o
 .note.GNU-stack
                0x0000000000000000        0x0 binaries/ttyinit.o
 .note.GNU-stack
                0x0000000000000000        0x0 binaries/ttykickout.o
 .note.GNU-stack
                0x0000000000000000        0x0 binaries/ttyputc.o
 .note.GNU-stack
                0x0000000000000000        0x0 binaries/ttyread.o
 .note.GNU-stack
                0x0000000000000000        0x0 binaries/ttywrite.o
 .note.GNU-stack
                0x0000000000000000        0x0 binaries/mount.o
 .note.GNU-stack
                0x0000000000000000        0x0 binaries/naminit.o
 .note.GNU-stack
                0x0000000000000000        0x0 binaries/nammap.o
 .note.GNU-stack
                0x0000000000000000        0x0 binaries/namopen.o
 .note.GNU-stack
                0x0000000000000000        0x0 binaries/82545EMInit.o
 .note.GNU-stack
                0x0000000000000000        0x0 binaries/ethcontrol.o
 .note.GNU-stack
                0x0000000000000000        0x0 binaries/ethhandler.o
 .note.GNU-stack
                0x0000000000000000        0x0 binaries/ethinit.o
 .note.GNU-stack
                0x0000000000000000        0x0 binaries/ethread.o
 .note.GNU-stack
                0x0000000000000000        0x0 binaries/ethwrite.o
 .note.GNU-stack
                0x0000000000000000        0x0 binaries/rdsbufalloc.o
 .note.GNU-stack
                0x0000000000000000        0x0 binaries/rdsclose.o
 .note.GNU-stack
                0x0000000000000000        0x0 binaries/rdscomm.o
 .note.GNU-stack
                0x0000000000000000        0x0 binaries/rdscontrol.o
 .note.GNU-stack
                0x0000000000000000        0x0 binaries/rdsinit.o
 .note.GNU-stack
                0x0000000000000000        0x0 binaries/rdsopen.o
 .note.GNU-stack
                0x0000000000000000        0x0 binaries/rdsprocess.o
 .note.GNU-stack
                0x0000000000000000        0x0 binaries/rdsread.o
 .note.GNU-stack
                0x0000000000000000        0x0 binaries/rdswrite.o
 .note.GNU-stack
                0x0000000000000000        0x0 binaries/ramclose.o
 .note.GNU-stack
                0x0000000000000000        0x0 binaries/raminit.o
 .note.GNU-stack
                0x0000000000000000        0x0 binaries/ramopen.o
 .note.GNU-stack
                0x0000000000000000        0x0 binaries/ramread.o
 .note.GNU-stack
                0x0000000000000000        0x0 binaries/ramwrite.o
 .note.GNU-stack
                0x0000000000000000        0x0 binaries/lfdballoc.o
 .note.GNU-stack
                0x0000000000000000        0x0 binaries/lfdbfree.o
 .note.GNU-stack
                0x0000000000000000        0x0 binaries/lfflush.o
 .note.GNU-stack
                0x0000000000000000        0x0 binaries/lfgetmode.o
 .note.GNU-stack
                0x0000000000000000        0x0 binaries/lfiballoc.o
 .note.GNU-stack
                0x0000000000000000        0x0 binaries/lfibclear.o
 .note.GNU-stack
                0x0000000000000000        0x0 binaries/lfibget.o
 .note.GNU-stack
                0x0000000000000000        0x0 binaries/lfibput.o
 .note.GNU-stack
                0x0000000000000000        0x0 binaries/lflclose.o
 .note.GNU-stack
                0x0000000000000000        0x0 binaries/lflcontrol.o
 .note.GNU-stack
                0x0000000000000000        0x0 binaries/lflgetc.o
 .note.GNU-stack
                0x0000000000000000        0x0 binaries/lflinit.o
 .note.GNU-stack
                0x0000000000000000        0x0 binaries/lflputc.o
 .note.GNU-stack
                0x0000000000000000        0x0 binaries/lflread.o
 .note.GNU-stack
                0x0000000000000000        0x0 binaries/lflseek.o
 .note.GNU-stack
                0x0000000000000000        0x0 binaries/lflwrite.o
 .note.GNU-stack
                0x0000000000000000        0x0 binaries/lfscheck.o
 .note.GNU-stack
                0x0000000000000000        0x0 binaries/lfsckfmt.o
 .note.GNU-stack
                0x0000000000000000        0x0 binaries/lfscreate.o
 .note.GNU-stack
                0x0000000000000000        0x0 binaries/lfsetup.o
 .note.GNU-stack
                0x0000000000000000        0x0 binaries/lfsinit.o
 .note.GNU-stack
                0x0000000000000000        0x0 binaries/lfsopen.o
 .note.GNU-stack
                0x0000000000000000        0x0 binaries/lftruncate.o
 .note.GNU-stack
                0x0000000000000000        0x0 binaries/rflclose.o
 .note.GNU-stack
                0x0000000000000000        0x0 binaries/rflgetc.o
 .note.GNU-stack
                0x0000000000000000        0x0 binaries/rflinit.o
 .note.GNU-stack
                0x0000000000000000        0x0 binaries/rflputc.o
 .note.GNU-stack
                0x0000000000000000        0x0 binaries/rflread.o
 .note.GNU-stack
                0x0000000000000000        0x0 binaries/rflseek.o
 .note.GNU-stack
                0x0000000000000000        0x0 binaries/rflwrite.o
 .note.GNU-stack
                0x0000000000000000        0x0 binaries/rfscomm.o
 .note.GNU-stack
                0x0000000000000000        0x0 binaries/rfscontrol.o
 .note.GNU-stack
                0x0000000000000000        0x0 binaries/rfsgetmode.o
 .note.GNU-stack
                0x0000000000000000        0x0 binaries/rfsinit.o
 .note.GNU-stack
                0x0000000000000000        0x0 binaries/rfsndmsg.o
 .note.GNU-stack
                0x0000000000000000        0x0 binaries/rfsopen.o
 .note.GNU-stack
                0x0000000000000000        0x0 binaries/arp.o
 .note.GNU-stack
                0x0000000000000000        0x0 binaries/dhcp.o
 .note.GNU-stack
                0x0000000000000000        0x0 binaries/dns.o
 .note.GNU-stack
                0x0000000000000000        0x0 binaries/dot2ip.o
 .note.GNU-stack
                0x0000000000000000        0x0 binaries/hexdump.o
 .note.GNU-stack
                0x0000000000000000        0x0 binaries/icmp.o
 .note.GNU-stack
                0x0000000000000000        0x0 binaries/ip.o
 .note.GNU-stack
                0x0000000000000000        0x0 binaries/net.o
 .note.GNU-stack
                0x0000000000000000        0x0 binaries/pdump.o
 .note.GNU-stack
                0x0000000000000000        0x0 binaries/tftp.o
 .note.GNU-stack
                0x0000000000000000        0x0 binaries/udp.o
 .note.GNU-stack
                0x0000000000000000        0x0 binaries/addargs.o
 .note.GNU-stack
                0x0000000000000000        0x0 binaries/lexan.o
 .note.GNU-stack
                0x0000000000000000        0x0 binaries/shell.o
 .note.GNU-stack
                0x0000000000000000        0x0 binaries/xsh_argecho.o
 .note.GNU-stack
                0x0000000000000000        0x0 binaries/xsh_arp.o
 .note.GNU-stack
                0x0000000000000000        0x0 binaries/xsh_cat.o
 .note.GNU-stack
                0x0000000000000000        0x0 binaries/xsh_clear.o
 .note.GNU-stack
                0x0000000000000000        0x0 binaries/xsh_date.o
 .note.GNU-stack
                0x0000000000000000        0x0 binaries/xsh_devdump.o
 .note.GNU-stack
                0x0000000000000000        0x0 binaries/xsh_echo.o
 .note.GNU-stack
                0x0000000000000000        0x0 binaries/xsh_exit.o
 .note.GNU-stack
                0x0000000000000000        0x0 binaries/xsh_help.o
 .note.GNU-stack
                0x0000000000000000        0x0 binaries/xsh_kill.o
 .note.GNU-stack
                0x0000000000000000        0x0 binaries/xsh_memdump.o
 .note.GNU-stack
                0x0000000000000000        0x0 binaries/xsh_memstat.o
 .note.GNU-stack
                0x0000000000000000        0x0 binaries/xsh_netinfo.o
 .note.GNU-stack
                0x0000000000000000        0x0 binaries/xsh_ping.o
 .note.GNU-stack
                0x0000000000000000        0x0 binaries/xsh_printprocstk.o
 .note.GNU-stack
                0x0000000000000000        0x0 binaries/xsh_ps.o
 .note.GNU-stack
                0x0000000000000000        0x0 binaries/xsh_reset.o
 .note.GNU-stack
                0x0000000000000000        0x0 binaries/xsh_sleep.o
 .note.GNU-stack
                0x0000000000000000        0x0 binaries/xsh_udpdump.o
 .note.GNU-stack
                0x0000000000000000        0x0 binaries/xsh_udpecho.o
 .note.GNU-stack
                0x0000000000000000        0x0 binaries/xsh_udpserver.o
 .note.GNU-stack
                0x0000000000000000        0x0 binaries/xsh_uptime.o
