
Allocating common symbols
Common symbol       size              file

netbufpool          0x4               binaries/net.o
readylist           0x2               binaries/ready.o
rfltab              0x5a0             binaries/rflinit.o
netportseed         0x8               binaries/net.o
sleepq              0x2               binaries/clkinit.o
nnames              0x4               binaries/naminit.o
udptab              0x168             binaries/udp.o
minheap             0x4               binaries/meminit.o
marks               0x50              binaries/mark.o
currpid             0x4               binaries/initialize.o
Lf_data             0x20c             binaries/lfsinit.o
porttab             0x2d0             binaries/ptinit.o
girmask             0x2               binaries/evec.o
ttytab              0x110             binaries/ttyinit.o
proctab             0xd610            binaries/initialize.o
prcount             0x4               binaries/initialize.o
lfltab              0xf00             binaries/lflinit.o
rdstab              0x8c              binaries/rdsinit.o
ethertab            0x130             binaries/ethinit.o
NetData             0xb0              binaries/net.o
nmarks              0x4               binaries/mark.o
initsp              0x4               binaries/i386.o
Defer               0x8               binaries/resched.o
semtab              0x4b0             binaries/initialize.o
maxheap             0x4               binaries/meminit.o
preempt             0x4               binaries/clkinit.o
buftab              0xf0              binaries/bufinit.o
Rf_data             0x18              binaries/rfsinit.o
mkmutex             0x4               binaries/mark.o
clktime             0x4               binaries/clkinit.o
arpcache            0x140             binaries/arp.o
icmptab             0x230             binaries/icmp.o
nbpools             0x4               binaries/bufinit.o
queuetab            0x980             binaries/queue.o
esp                 0x4               binaries/printprocstk.o
ptnextid            0x4               binaries/ptinit.o
Ram                 0x19000           binaries/raminit.o
ipoqueue            0x2c              binaries/ip.o
memlist             0x8               binaries/initialize.o
nametab             0x19a0            binaries/naminit.o
ptfree              0x4               binaries/ptinit.o

Memory Configuration

Name             Origin             Length             Attributes
*default*        0x0000000000000000 0xffffffffffffffff

Linker script and memory map

                0x0000000000100000                physbase = 0x100000
                0x0000000000100000                . = physbase
                0x0000000000100000                . = ALIGN (0x1000)

.text           0x0000000000100000    0x1c000
                0x0000000000100000                text = ABSOLUTE (.)
 *(.text .text.*)
 .text          0x0000000000100000      0x165 binaries/start.o
                0x0000000000100020                entry
                0x000000000010003d                start
                0x00000000001000a5                inb
                0x00000000001000ad                inw
                0x00000000001000b6                inl
                0x00000000001000be                outb
                0x00000000001000c8                outw
                0x00000000001000d3                outl
                0x00000000001000dd                _rtcin
                0x00000000001000e8                ___udivsi3
                0x00000000001000f3                ___divsi3
                0x00000000001000ff                sbzero
                0x000000000010010f                bcopy
                0x0000000000100123                insw
                0x0000000000100139                outsw
                0x000000000010014f                lidt
                0x0000000000100157                jumptocode
                0x000000000010015e                jumptobootcode
 .text          0x0000000000100165      0x3e3 binaries/ascdate.o
                0x0000000000100165                ascdate
 .text          0x0000000000100548       0x14 binaries/bufinit.o
                0x0000000000100548                bufinit
 .text          0x000000000010055c       0x97 binaries/chprio.o
                0x000000000010055c                chprio
 .text          0x00000000001005f3       0xad binaries/clkhandler.o
                0x00000000001005f3                clkhandler
 .text          0x00000000001006a0       0x7e binaries/clkinit.o
                0x00000000001006a0                clkinit
 .text          0x000000000010071e       0x75 binaries/close.o
                0x000000000010071e                close
 .text          0x0000000000100793        0x0 binaries/conf.o
 .text          0x0000000000100793       0x7b binaries/control.o
                0x0000000000100793                control
 .text          0x000000000010080e      0x3ad binaries/create.o
                0x000000000010080e                create
 .text          0x0000000000100bbb      0x361 binaries/evec.o
                0x0000000000100bbb                initevec
                0x0000000000100c12                set_evec
                0x0000000000100cb4                trap
 .text          0x0000000000100f1c       0x19 binaries/exit.o
                0x0000000000100f1c                exit
 .text          0x0000000000100f35       0x8c binaries/freebuf.o
                0x0000000000100f35                freebuf
 .text          0x0000000000100fc1      0x172 binaries/freemem.o
                0x0000000000100fc1                freemem
 .text          0x0000000000101133       0x8a binaries/getbuf.o
                0x0000000000101133                getbuf
 .text          0x00000000001011bd       0x75 binaries/getc.o
                0x00000000001011bd                getc
 .text          0x0000000000101232       0x74 binaries/getdev.o
                0x0000000000101232                getdev
 .text          0x00000000001012a6       0xd0 binaries/getitem.o
                0x00000000001012a6                getfirst
                0x00000000001012eb                getlast
                0x0000000000101332                getitem
 .text          0x0000000000101376      0x10a binaries/getmem.o
                0x0000000000101376                getmem
 .text          0x0000000000101480        0xa binaries/getpid.o
                0x0000000000101480                getpid
 .text          0x000000000010148a       0x7f binaries/getprio.o
                0x000000000010148a                getprio
 .text          0x0000000000101509       0xfb binaries/getstk.o
                0x0000000000101509                getstk
 .text          0x0000000000101604       0x16 binaries/getticks.o
                0x0000000000101604                getticks
 .text          0x000000000010161a       0x3a binaries/gettime.o
                0x000000000010161a                gettime
 .text          0x0000000000101654      0x1ec binaries/getutime.o
                0x0000000000101654                getutime
 .text          0x0000000000101840      0x3c5 binaries/i386.o
                0x0000000000101840                setsegs
                0x0000000000101952                init8259
                0x0000000000101a04                pseg
                0x0000000000101bac                setirmask
 .text          0x0000000000101c05       0x75 binaries/init.o
                0x0000000000101c05                init
 .text          0x0000000000101c7a      0x5cd binaries/initialize.o
                0x0000000000101c7a                nulluser
                0x00000000001021ee                stop
                0x0000000000102219                delay
 .text          0x0000000000102247       0xdf binaries/insert.o
                0x0000000000102247                insert
 .text          0x0000000000102326      0x111 binaries/insertd.o
                0x0000000000102326                insertd
 .text          0x0000000000102437        0xa binaries/ioerr.o
                0x0000000000102437                ioerr
 .text          0x0000000000102441        0xa binaries/ionull.o
                0x0000000000102441                ionull
 .text          0x000000000010244b      0x356 binaries/kill.o
                0x000000000010244b                kill
 .text          0x00000000001027a1      0x14e binaries/kprintf.o
                0x00000000001027a1                kputc
                0x0000000000102834                kgetc
                0x00000000001028c5                kprintf
 .text          0x00000000001028ef      0x111 binaries/main.o
                0x00000000001028ef                starve_higherproc
                0x0000000000102922                main
 .text          0x0000000000102a00       0xb5 binaries/mark.o
                0x0000000000102a00                markinit
                0x0000000000102a24                mark
 .text          0x0000000000102ab5       0xcc binaries/meminit.o
                0x0000000000102ab5                meminit
 .text          0x0000000000102b81      0x174 binaries/mkbufpool.o
                0x0000000000102b81                mkbufpool
 .text          0x0000000000102cf5       0x94 binaries/newqueue.o
                0x0000000000102cf5                newqueue
 .text          0x0000000000102d89       0x7b binaries/open.o
                0x0000000000102d89                open
 .text          0x0000000000102e04       0x20 binaries/panic.o
                0x0000000000102e04                panic
 .text          0x0000000000102e24      0x489 binaries/pci.o
                0x0000000000102e24                pci_init
                0x00000000001030e1                find_pci_device
                0x000000000010312f                pci_bios_read_config_byte
                0x000000000010316e                pci_bios_read_config_word
                0x00000000001031b0                pci_bios_read_config_dword
                0x00000000001031ef                pci_bios_write_config_byte
                0x0000000000103230                pci_bios_write_config_word
                0x0000000000103272                pci_bios_write_config_dword
 .text          0x00000000001032ad      0x188 binaries/printprocstk.o
                0x00000000001032ad                printprocstk
 .text          0x0000000000103435       0x91 binaries/print_ready_list.o
                0x0000000000103435                print_ready_list
 .text          0x00000000001034c6      0x2ef binaries/print_syscalls.o
                0x00000000001034c6                pr_status_syscall_summary
 .text          0x00000000001037b5       0xf1 binaries/ptclear.o
                0x00000000001037b5                _ptclear
 .text          0x00000000001038a6       0x9d binaries/ptcount.o
                0x00000000001038a6                ptcount
 .text          0x0000000000103943      0x116 binaries/ptcreate.o
                0x0000000000103943                ptcreate
 .text          0x0000000000103a59       0x7f binaries/ptdelete.o
                0x0000000000103a59                ptdelete
 .text          0x0000000000103ad8       0xbf binaries/ptinit.o
                0x0000000000103ad8                ptinit
 .text          0x0000000000103b97      0x11b binaries/ptrecv.o
                0x0000000000103b97                ptrecv
 .text          0x0000000000103cb2       0x77 binaries/ptreset.o
                0x0000000000103cb2                ptreset
 .text          0x0000000000103d29      0x13d binaries/ptsend.o
                0x0000000000103d29                ptsend
 .text          0x0000000000103e66       0x80 binaries/putc.o
                0x0000000000103e66                putc
 .text          0x0000000000103ee6      0x112 binaries/queue.o
                0x0000000000103ee6                enqueue
                0x0000000000103f8b                dequeue
 .text          0x0000000000103ff8       0x7b binaries/read.o
                0x0000000000103ff8                read
 .text          0x0000000000104073      0x143 binaries/ready.o
                0x0000000000104073                ready
 .text          0x00000000001041b6      0x136 binaries/receive.o
                0x00000000001041b6                receive
 .text          0x00000000001042ec       0x61 binaries/recvclr.o
                0x00000000001042ec                recvclr
 .text          0x000000000010434d      0x194 binaries/recvtime.o
                0x000000000010434d                recvtime
 .text          0x00000000001044e1      0x2b6 binaries/resched.o
                0x00000000001044e1                resched
                0x0000000000104722                resched_cntl
 .text          0x0000000000104797       0xb4 binaries/resume.o
                0x0000000000104797                resume
 .text          0x000000000010484b       0x79 binaries/seek.o
                0x000000000010484b                seek
 .text          0x00000000001048c4       0x70 binaries/semcount.o
                0x00000000001048c4                semcount
 .text          0x0000000000104934       0xd6 binaries/semcreate.o
                0x0000000000104934                semcreate
 .text          0x0000000000104a0a       0xcd binaries/semdelete.o
                0x0000000000104a0a                semdelete
 .text          0x0000000000104ad7       0xcb binaries/semreset.o
                0x0000000000104ad7                semreset
 .text          0x0000000000104ba2       0xf0 binaries/send.o
                0x0000000000104ba2                send
 .text          0x0000000000104c92       0xa8 binaries/signal.o
                0x0000000000104c92                signal
 .text          0x0000000000104d3a       0xd6 binaries/signaln.o
                0x0000000000104d3a                signaln
 .text          0x0000000000104e10      0x239 binaries/sleep.o
                0x0000000000104e10                sleep
                0x0000000000104e5e                sleepms
 .text          0x0000000000105049      0x195 binaries/stacktrace.o
                0x0000000000105049                stacktrace
 .text          0x00000000001051de      0x1be binaries/suspend.o
                0x00000000001051de                suspend
 .text          0x000000000010539c       0xec binaries/unsleep.o
                0x000000000010539c                unsleep
 .text          0x0000000000105488       0x19 binaries/userret.o
                0x0000000000105488                userret
 .text          0x00000000001054a1      0x1b8 binaries/wait.o
                0x00000000001054a1                wait
 .text          0x0000000000105659       0x72 binaries/wakeup.o
                0x0000000000105659                wakeup
 .text          0x00000000001056cb       0x7b binaries/write.o
                0x00000000001056cb                write
 .text          0x0000000000105746       0x1d binaries/xdone.o
                0x0000000000105746                xdone
 .text          0x0000000000105763       0x28 binaries/yield.o
                0x0000000000105763                yield
 .text          0x000000000010578b       0x11 binaries/abs.o
                0x000000000010578b                abs
 .text          0x000000000010579c       0x8f binaries/atoi.o
                0x000000000010579c                atoi
 .text          0x000000000010582b       0x8f binaries/atol.o
                0x000000000010582b                atol
 .text          0x00000000001058ba       0x31 binaries/bzero.o
                0x00000000001058ba                bzero
 .text          0x00000000001058eb        0x0 binaries/ctype_.o
 .text          0x00000000001058eb      0x8ed binaries/doprnt.o
                0x00000000001058eb                _doprnt
 .text          0x00000000001061d8      0x65c binaries/doscan.o
                0x00000000001061d8                _doscan
 .text          0x0000000000106834      0x711 binaries/fdoprnt.o
                0x0000000000106834                _fdoprnt
 .text          0x0000000000106f45       0x29 binaries/fgetc.o
                0x0000000000106f45                fgetc
 .text          0x0000000000106f6e       0x75 binaries/fgets.o
                0x0000000000106f6e                fgets
 .text          0x0000000000106fe3       0x2a binaries/fprintf.o
                0x0000000000106fe3                fprintf
 .text          0x000000000010700d       0x2c binaries/fputc.o
                0x000000000010700d                fputc
 .text          0x0000000000107039       0x43 binaries/fputs.o
                0x0000000000107039                fputs
 .text          0x000000000010707c       0x8a binaries/fscanf.o
                0x000000000010707c                fscanf
 .text          0x0000000000107106       0x36 binaries/getchar.o
                0x0000000000107106                getchar
 .text          0x000000000010713c       0x11 binaries/labs.o
                0x000000000010713c                labs
 .text          0x000000000010714d        0x0 binaries/memchr.o
 .text          0x000000000010714d       0x51 binaries/memcmp.o
                0x000000000010714d                memcmp
 .text          0x000000000010719e       0x3f binaries/memcpy.o
                0x000000000010719e                memcpy
 .text          0x00000000001071dd       0x30 binaries/memset.o
                0x00000000001071dd                memset
 .text          0x000000000010720d       0x4c binaries/printf.o
                0x000000000010720d                printf
 .text          0x0000000000107259       0x39 binaries/putchar.o
                0x0000000000107259                putchar
 .text          0x0000000000107292      0x27e binaries/qsort.o
                0x0000000000107292                qsort
 .text          0x0000000000107510       0x63 binaries/rand.o
                0x0000000000107510                rand
                0x0000000000107528                rand_r
                0x0000000000107566                srand
 .text          0x0000000000107573       0x66 binaries/sprintf.o
                0x0000000000107573                sprintf
 .text          0x00000000001075d9       0x70 binaries/sscanf.o
                0x00000000001075d9                sscanf
 .text          0x0000000000107649       0x3c binaries/strchr.o
                0x0000000000107649                strchr
 .text          0x0000000000107685       0x45 binaries/strcmp.o
                0x0000000000107685                strcmp
 .text          0x00000000001076ca       0x27 binaries/strcpy.o
                0x00000000001076ca                strcpy
 .text          0x00000000001076f1       0x26 binaries/strlen.o
                0x00000000001076f1                strlen
 .text          0x0000000000107717       0x56 binaries/strncat.o
                0x0000000000107717                strncat
 .text          0x000000000010776d       0x5f binaries/strncmp.o
                0x000000000010776d                strncmp
 .text          0x00000000001077cc       0x4f binaries/strncpy.o
                0x00000000001077cc                strncpy
 .text          0x000000000010781b       0x2e binaries/strnlen.o
                0x000000000010781b                strnlen
 .text          0x0000000000107849       0x45 binaries/strrchr.o
                0x0000000000107849                strrchr
 .text          0x000000000010788e       0x6d binaries/strstr.o
                0x000000000010788e                strstr
 .text          0x00000000001078fb       0xe4 binaries/ttycontrol.o
                0x00000000001078fb                ttycontrol
 .text          0x00000000001079df       0x97 binaries/ttygetc.o
                0x00000000001079df                ttygetc
 .text          0x0000000000107a76      0x6ee binaries/ttyhandle_in.o
                0x0000000000107a76                ttyhandle_in
 .text          0x0000000000108164      0x1ae binaries/ttyhandle_out.o
                0x0000000000108164                ttyhandle_out
 .text          0x0000000000108312       0xce binaries/ttyhandler.o
                0x0000000000108312                ttyhandler
 .text          0x00000000001083e0      0x22f binaries/ttyinit.o
                0x00000000001083e0                ttyinit
 .text          0x000000000010860f       0x1b binaries/ttykickout.o
                0x000000000010860f                ttykickout
 .text          0x000000000010862a       0xb7 binaries/ttyputc.o
                0x000000000010862a                ttyputc
 .text          0x00000000001086e1      0x11b binaries/ttyread.o
                0x00000000001086e1                ttyread
 .text          0x00000000001087fc       0x4f binaries/ttywrite.o
                0x00000000001087fc                ttywrite
 .text          0x000000000010884b      0x14b binaries/mount.o
                0x000000000010884b                mount
                0x0000000000108960                namlen
 .text          0x0000000000108996      0x1ea binaries/naminit.o
                0x0000000000108996                naminit
 .text          0x0000000000108b80      0x211 binaries/nammap.o
                0x0000000000108b80                nammap
                0x0000000000108c0b                namrepl
                0x0000000000108d41                namcpy
 .text          0x0000000000108d91       0x4e binaries/namopen.o
                0x0000000000108d91                namopen
 .text          0x0000000000108ddf      0xec3 binaries/82545EMInit.o
                0x0000000000108e3d                _82545EMInit
                0x0000000000109b0e                _82545EM_read_phy_reg
                0x0000000000109bd4                _82545EM_write_phy_reg
 .text          0x0000000000109ca2      0x241 binaries/ethcontrol.o
                0x0000000000109d00                ethcontrol
                0x0000000000109e76                ethIrqDisable
                0x0000000000109eab                ethIrqEnable
 .text          0x0000000000109ee3      0x252 binaries/ethhandler.o
                0x000000000010a053                ethhandler
 .text          0x000000000010a135      0x126 binaries/ethinit.o
                0x000000000010a135                ethinit
 .text          0x000000000010a25b      0x1f4 binaries/ethread.o
                0x000000000010a2b9                ethread
 .text          0x000000000010a44f      0x19f binaries/ethwrite.o
                0x000000000010a4ad                ethwrite
 .text          0x000000000010a5ee       0x9e binaries/rdsbufalloc.o
                0x000000000010a5ee                rdsbufalloc
 .text          0x000000000010a68c       0xcc binaries/rdsclose.o
                0x000000000010a68c                rdsclose
 .text          0x000000000010a758      0x2e8 binaries/rdscomm.o
                0x000000000010a758                rdscomm
 .text          0x000000000010aa40      0x233 binaries/rdscontrol.o
                0x000000000010aa40                rdscontrol
 .text          0x000000000010ac73      0x1f3 binaries/rdsinit.o
                0x000000000010ac73                rdsinit
 .text          0x000000000010ae66      0x19b binaries/rdsopen.o
                0x000000000010ae66                rdsopen
 .text          0x000000000010b001      0x461 binaries/rdsprocess.o
                0x000000000010b001                rdsprocess
 .text          0x000000000010b462      0x259 binaries/rdsread.o
                0x000000000010b462                rdsread
 .text          0x000000000010b6bb      0x1fe binaries/rdswrite.o
                0x000000000010b6bb                rdswrite
 .text          0x000000000010b8b9        0xa binaries/ramclose.o
                0x000000000010b8b9                ramclose
 .text          0x000000000010b8c3       0x3e binaries/raminit.o
                0x000000000010b8c3                raminit
 .text          0x000000000010b901        0xa binaries/ramopen.o
                0x000000000010b901                ramopen
 .text          0x000000000010b90b       0x32 binaries/ramread.o
                0x000000000010b90b                ramread
 .text          0x000000000010b93d       0x32 binaries/ramwrite.o
                0x000000000010b93d                ramwrite
 .text          0x000000000010b96f       0x98 binaries/lfdballoc.o
                0x000000000010b96f                lfdballoc
 .text          0x000000000010ba07       0x58 binaries/lfdbfree.o
                0x000000000010ba07                lfdbfree
 .text          0x000000000010ba5f       0xb6 binaries/lfflush.o
                0x000000000010ba5f                lfflush
 .text          0x000000000010bb15       0xd8 binaries/lfgetmode.o
                0x000000000010bb15                lfgetmode
 .text          0x000000000010bbed       0x68 binaries/lfiballoc.o
                0x000000000010bbed                lfiballoc
 .text          0x000000000010bc55       0x3b binaries/lfibclear.o
                0x000000000010bc55                lfibclear
 .text          0x000000000010bc90       0xad binaries/lfibget.o
                0x000000000010bc90                lfibget
 .text          0x000000000010bd3d       0xdc binaries/lfibput.o
                0x000000000010bd3d                lfibput
 .text          0x000000000010be19       0xa2 binaries/lflclose.o
                0x000000000010be19                lflclose
 .text          0x000000000010bebb       0xd0 binaries/lflcontrol.o
                0x000000000010bebb                lflcontrol
 .text          0x000000000010bf8b       0xf2 binaries/lflgetc.o
                0x000000000010bf8b                lflgetc
 .text          0x000000000010c07d       0xf1 binaries/lflinit.o
                0x000000000010c07d                lflinit
 .text          0x000000000010c16e      0x122 binaries/lflputc.o
                0x000000000010c16e                lflputc
 .text          0x000000000010c290       0x70 binaries/lflread.o
                0x000000000010c290                lflread
 .text          0x000000000010c300       0xac binaries/lflseek.o
                0x000000000010c300                lflseek
 .text          0x000000000010c3ac       0x55 binaries/lflwrite.o
                0x000000000010c3ac                lflwrite
 .text          0x000000000010c401       0x62 binaries/lfscheck.o
                0x000000000010c401                lfscheck
 .text          0x000000000010c463      0x175 binaries/lfsckfmt.o
                0x000000000010c463                lfsckfmt
 .text          0x000000000010c5d8      0x1ad binaries/lfscreate.o
                0x000000000010c5d8                lfscreate
 .text          0x000000000010c785      0x278 binaries/lfsetup.o
                0x000000000010c785                lfsetup
 .text          0x000000000010c9fd       0x51 binaries/lfsinit.o
                0x000000000010c9fd                lfsinit
 .text          0x000000000010ca4e      0x3c0 binaries/lfsopen.o
                0x000000000010ca4e                lfsopen
 .text          0x000000000010ce0e      0x15e binaries/lftruncate.o
                0x000000000010ce0e                lftruncate
 .text          0x000000000010cf6c       0x71 binaries/rflclose.o
                0x000000000010cf6c                rflclose
 .text          0x000000000010cfdd       0x32 binaries/rflgetc.o
                0x000000000010cfdd                rflgetc
 .text          0x000000000010d00f       0x76 binaries/rflinit.o
                0x000000000010d00f                rflinit
 .text          0x000000000010d085       0x33 binaries/rflputc.o
                0x000000000010d085                rflputc
 .text          0x000000000010d0b8      0x360 binaries/rflread.o
                0x000000000010d0b8                rflread
 .text          0x000000000010d418       0x74 binaries/rflseek.o
                0x000000000010d418                rflseek
 .text          0x000000000010d48c      0x34d binaries/rflwrite.o
                0x000000000010d48c                rflwrite
 .text          0x000000000010d7d9      0x1e2 binaries/rfscomm.o
                0x000000000010d7d9                rfscomm
 .text          0x000000000010d9bb      0x26d binaries/rfscontrol.o
                0x000000000010d9bb                rfscontrol
 .text          0x000000000010dc28       0xd8 binaries/rfsgetmode.o
                0x000000000010dc28                rfsgetmode
 .text          0x000000000010dd00       0x86 binaries/rfsinit.o
                0x000000000010dd00                rfsinit
 .text          0x000000000010dd86      0x111 binaries/rfsndmsg.o
                0x000000000010dd86                rfsndmsg
 .text          0x000000000010de97      0x2aa binaries/rfsopen.o
                0x000000000010de97                rfsopen
 .text          0x000000000010e141      0x836 binaries/arp.o
                0x000000000010e141                arp_init
                0x000000000010e173                arp_resolve
                0x000000000010e427                arp_in
                0x000000000010e6df                arp_alloc
                0x000000000010e79f                arp_ntoh
                0x000000000010e88b                arp_hton
 .text          0x000000000010e977      0x8e3 binaries/dhcp.o
                0x000000000010e977                dhcp_get_opt_val
                0x000000000010e9d0                dhcp_bld_bootp_msg
                0x000000000010eadd                dhcp_bld_disc
                0x000000000010ebc6                dhcp_bld_req
                0x000000000010ed38                getlocalip
 .text          0x000000000010f25a      0x59f binaries/dns.o
                0x000000000010f25a                dnslookup
 .text          0x000000000010f7f9       0xe8 binaries/dot2ip.o
                0x000000000010f7f9                dot2ip
 .text          0x000000000010f8e1      0x4c4 binaries/hexdump.o
                0x000000000010f8e1                hexdump
                0x000000000010fa88                hexadump
 .text          0x000000000010fda5      0x8af binaries/icmp.o
                0x000000000010fda5                icmp_init
                0x000000000010fddc                icmp_in
                0x000000000010ffb2                icmp_register
                0x00000000001100ad                icmp_recv
                0x0000000000110239                icmp_send
                0x00000000001102c1                icmp_mkpkt
                0x00000000001103db                icmp_release
                0x00000000001104d9                icmp_cksum
                0x000000000011056c                icmp_hton
                0x00000000001105e0                icmp_ntoh
 .text          0x0000000000110654      0x8a5 binaries/ip.o
                0x0000000000110654                ip_in
                0x00000000001107d8                ip_send
                0x0000000000110933                ip_local
                0x000000000011097f                ip_out
                0x0000000000110ab8                ipcksum
                0x0000000000110b3e                ip_ntoh
                0x0000000000110c2a                ip_hton
                0x0000000000110d16                ipout
                0x0000000000110e45                ip_enqueue
 .text          0x0000000000110ef9      0x2cd binaries/net.o
                0x0000000000110ef9                net_init
                0x0000000000111021                netin
                0x00000000001110de                eth_hton
                0x0000000000111108                eth_ntoh
                0x0000000000111132                getport
 .text          0x00000000001111c6     0x147f binaries/pdump.o
                0x00000000001111c6                pdump
                0x0000000000111f83                pdumph
 .text          0x0000000000112645      0x613 binaries/tftp.o
                0x0000000000112645                tftp_send1
                0x00000000001127bd                tftpget
                0x00000000001127ef                tftpget_mb
 .text          0x0000000000112c58      0xb82 binaries/udp.o
                0x0000000000112c58                udp_init
                0x0000000000112c8d                udp_in
                0x0000000000112dcf                udp_register
                0x0000000000112f0c                udp_recv
                0x00000000001130a8                udp_recvaddr
                0x000000000011325c                udp_send
                0x0000000000113444                udp_sendto
                0x00000000001135f5                udp_release
                0x00000000001136f0                udp_ntoh
                0x0000000000113765                udp_hton
 .text          0x00000000001137da      0x13d binaries/addargs.o
                0x00000000001137da                addargs
 .text          0x0000000000113917      0x2c9 binaries/lexan.o
                0x0000000000113917                lexan
 .text          0x0000000000113be0      0x66d binaries/shell.o
                0x0000000000113be0                shell
 .text          0x000000000011424d       0x69 binaries/xsh_argecho.o
                0x000000000011424d                xsh_argecho
 .text          0x00000000001142b6      0x275 binaries/xsh_arp.o
                0x00000000001142b6                xsh_arp
 .text          0x000000000011452b      0x290 binaries/xsh_cat.o
                0x000000000011452b                xsh_cat
 .text          0x00000000001147bb       0x63 binaries/xsh_clear.o
                0x00000000001147bb                xsh_clear
 .text          0x000000000011481e      0x313 binaries/xsh_date.o
                0x000000000011481e                xsh_date
 .text          0x0000000000114b31       0xb3 binaries/xsh_devdump.o
                0x0000000000114b31                xsh_devdump
 .text          0x0000000000114be4       0x72 binaries/xsh_echo.o
                0x0000000000114be4                xsh_echo
 .text          0x0000000000114c56        0xa binaries/xsh_exit.o
                0x0000000000114c56                xsh_exit
 .text          0x0000000000114c60      0x393 binaries/xsh_help.o
                0x0000000000114c60                xsh_help
 .text          0x0000000000114ff3      0x262 binaries/xsh_kill.o
                0x0000000000114ff3                xsh_kill
 .text          0x0000000000115255      0x563 binaries/xsh_memdump.o
                0x0000000000115255                xsh_memdump
 .text          0x00000000001157b8      0x2bb binaries/xsh_memstat.o
                0x00000000001157b8                xsh_memstat
 .text          0x0000000000115a73      0x521 binaries/xsh_netinfo.o
                0x0000000000115a73                xsh_netinfo
 .text          0x0000000000115f94      0x4bc binaries/xsh_ping.o
                0x0000000000115f94                xsh_ping
 .text          0x0000000000116450       0x45 binaries/xsh_printprocstk.o
                0x0000000000116450                xsh_printprocstk
 .text          0x0000000000116495      0x2ac binaries/xsh_ps.o
                0x0000000000116495                xsh_ps
 .text          0x0000000000116741       0x2f binaries/xsh_reset.o
                0x0000000000116741                xsh_reset
 .text          0x0000000000116770      0x23e binaries/xsh_sleep.o
                0x0000000000116770                xsh_sleep
 .text          0x00000000001169ae      0x284 binaries/xsh_udpdump.o
                0x00000000001169ae                xsh_udpdump
 .text          0x0000000000116c32      0x4f4 binaries/xsh_udpecho.o
                0x0000000000116c32                xsh_udpecho
 .text          0x0000000000117126      0x2ce binaries/xsh_udpserver.o
                0x0000000000117126                xsh_udpeserver
 .text          0x00000000001173f4      0x1fd binaries/xsh_uptime.o
                0x00000000001173f4                xsh_uptime
 .text          0x00000000001175f1        0xe binaries/clkdisp.o
                0x00000000001175f1                clkdisp
 .text          0x00000000001175ff       0x19 binaries/ctxsw.o
                0x00000000001175ff                ctxsw
 .text          0x0000000000117618      0x36b binaries/intr.o
                0x0000000000117618                disable
                0x0000000000117621                restore
                0x000000000011762f                enable
                0x0000000000117631                pause
                0x0000000000117638                halt
                0x000000000011763e                spurious_irq7
                0x0000000000117643                spurious_irq15
                0x0000000000117652                _Xint0
                0x000000000011765d                _Xint1
                0x0000000000117668                _Xint2
                0x0000000000117673                _Xint3
                0x000000000011767e                _Xint4
                0x0000000000117689                _Xint5
                0x0000000000117694                _Xint6
                0x000000000011769f                _Xint7
                0x00000000001176aa                _Xint8
                0x00000000001176b5                _Xint9
                0x00000000001176c0                _Xint10
                0x00000000001176cb                _Xint11
                0x00000000001176d9                _Xint12
                0x00000000001176e7                _Xint13
                0x00000000001176f5                _Xint14
                0x0000000000117703                _Xint15
                0x0000000000117711                _Xint16
                0x000000000011771f                _Xint17
                0x000000000011772d                _Xint18
                0x000000000011773b                _Xint19
                0x0000000000117749                _Xint20
                0x0000000000117757                _Xint21
                0x0000000000117765                _Xint22
                0x0000000000117773                _Xint23
                0x0000000000117781                _Xint24
                0x000000000011778f                _Xint25
                0x000000000011779d                _Xint26
                0x00000000001177ab                _Xint27
                0x00000000001177b9                _Xint28
                0x00000000001177c7                _Xint29
                0x00000000001177d5                _Xint30
                0x00000000001177e3                _Xint31
                0x00000000001177f1                _Xint32
                0x00000000001177ff                _Xint33
                0x000000000011780d                _Xint34
                0x000000000011781b                _Xint35
                0x0000000000117829                _Xint36
                0x0000000000117837                _Xint37
                0x0000000000117845                _Xint38
                0x0000000000117853                _Xint39
                0x0000000000117861                _Xint40
                0x000000000011786f                _Xint41
                0x000000000011787d                _Xint42
                0x000000000011788b                _Xint43
                0x0000000000117899                _Xint44
                0x00000000001178a7                _Xint45
                0x00000000001178b5                _Xint46
                0x00000000001178c3                defevec
 .text          0x0000000000117983        0xf binaries/ttydispatch.o
                0x0000000000117983                ttydispatch
 .text          0x0000000000117992       0x13 binaries/ethdispatch.o
                0x0000000000117992                ethdispatch
 *(.rodata .rodata.*)
 *fill*         0x00000000001179a5        0x3 
 .rodata        0x00000000001179a8       0x8e binaries/ascdate.o
 .rodata        0x0000000000117a36       0xae binaries/conf.o
 .rodata        0x0000000000117ae4      0x22f binaries/evec.o
 *fill*         0x0000000000117d13        0x1 
 .rodata        0x0000000000117d14       0x61 binaries/getutime.o
 *fill*         0x0000000000117d75        0x3 
 .rodata        0x0000000000117d78       0x90 binaries/i386.o
 .rodata        0x0000000000117e08      0x180 binaries/initialize.o
 .rodata        0x0000000000117f88       0x20 binaries/kill.o
 .rodata        0x0000000000117fa8       0x96 binaries/main.o
 .rodata        0x000000000011803e        0xf binaries/panic.o
 *fill*         0x000000000011804d        0x3 
 .rodata        0x0000000000118050      0x1ec binaries/pci.o
 .rodata        0x000000000011823c      0x119 binaries/printprocstk.o
 *fill*         0x0000000000118355        0x3 
 .rodata        0x0000000000118358       0x54 binaries/print_ready_list.o
 .rodata        0x00000000001183ac      0x184 binaries/print_syscalls.o
 .rodata        0x0000000000118530       0x1d binaries/ptinit.o
 *fill*         0x000000000011854d        0x3 
 .rodata        0x0000000000118550       0x25 binaries/ptsend.o
 *fill*         0x0000000000118575        0x3 
 .rodata        0x0000000000118578       0xb7 binaries/stacktrace.o
 *fill*         0x000000000011862f        0x1 
 .rodata        0x0000000000118630       0x27 binaries/xdone.o
 *fill*         0x0000000000118657        0x9 
 .rodata        0x0000000000118660       0x81 binaries/ctype_.o
                0x0000000000118660                _ctype_
 *fill*         0x00000000001186e1        0x3 
 .rodata        0x00000000001186e4       0xee binaries/doprnt.o
 *fill*         0x00000000001187d2        0x2 
 .rodata        0x00000000001187d4       0x98 binaries/doscan.o
 .rodata        0x000000000011886c       0xae binaries/fdoprnt.o
 *fill*         0x000000000011891a        0x2 
 .rodata        0x000000000011891c       0x20 binaries/ttycontrol.o
 .rodata        0x000000000011893c       0x34 binaries/ttyhandler.o
 .rodata        0x0000000000118970       0x80 binaries/naminit.o
 .rodata        0x00000000001189f0       0x2e binaries/82545EMInit.o
 *fill*         0x0000000000118a1e        0x2 
 .rodata        0x0000000000118a20       0x78 binaries/ethinit.o
 .rodata        0x0000000000118a98       0x18 binaries/ethread.o
 .rodata        0x0000000000118ab0       0x2c binaries/rdsbufalloc.o
 .rodata        0x0000000000118adc       0x76 binaries/rdscomm.o
 *fill*         0x0000000000118b52        0x2 
 .rodata        0x0000000000118b54       0x48 binaries/rdscontrol.o
 .rodata        0x0000000000118b9c       0x96 binaries/rdsinit.o
 *fill*         0x0000000000118c32        0x2 
 .rodata        0x0000000000118c34       0x22 binaries/rdsopen.o
 *fill*         0x0000000000118c56        0x2 
 .rodata        0x0000000000118c58       0x4d binaries/rdsprocess.o
 .rodata        0x0000000000118ca5        0x9 binaries/raminit.o
 *fill*         0x0000000000118cae        0x2 
 .rodata        0x0000000000118cb0       0x37 binaries/lfdballoc.o
 .rodata        0x0000000000118ce7       0x14 binaries/lfiballoc.o
 *fill*         0x0000000000118cfb        0x1 
 .rodata        0x0000000000118cfc       0x23 binaries/lflcontrol.o
 *fill*         0x0000000000118d1f        0x1 
 .rodata        0x0000000000118d20      0x11b binaries/lfsckfmt.o
 *fill*         0x0000000000118e3b        0x1 
 .rodata        0x0000000000118e3c       0x2a binaries/lfsopen.o
 *fill*         0x0000000000118e66        0x2 
 .rodata        0x0000000000118e68       0x21 binaries/rflread.o
 *fill*         0x0000000000118e89        0x3 
 .rodata        0x0000000000118e8c       0x21 binaries/rflwrite.o
 *fill*         0x0000000000118ead        0x3 
 .rodata        0x0000000000118eb0       0x75 binaries/rfscomm.o
 *fill*         0x0000000000118f25        0x3 
 .rodata        0x0000000000118f28       0x3c binaries/rfscontrol.o
 .rodata        0x0000000000118f64       0x63 binaries/rfsinit.o
 *fill*         0x0000000000118fc7        0x1 
 .rodata        0x0000000000118fc8       0x2a binaries/rfsndmsg.o
 *fill*         0x0000000000118ff2        0x2 
 .rodata        0x0000000000118ff4       0x22 binaries/rfsopen.o
 *fill*         0x0000000000119016        0x2 
 .rodata        0x0000000000119018       0x3a binaries/arp.o
 *fill*         0x0000000000119052        0x2 
 .rodata        0x0000000000119054       0xcf binaries/dhcp.o
 .rodata        0x0000000000119123       0x1a binaries/dns.o
 *fill*         0x000000000011913d        0x3 
 .rodata        0x0000000000119140       0xc9 binaries/hexdump.o
 *fill*         0x0000000000119209        0x3 
 .rodata        0x000000000011920c       0x29 binaries/icmp.o
 *fill*         0x0000000000119235        0x3 
 .rodata        0x0000000000119238       0x6e binaries/ip.o
 *fill*         0x00000000001192a6        0x2 
 .rodata        0x00000000001192a8       0x4f binaries/net.o
 *fill*         0x00000000001192f7        0x1 
 .rodata        0x00000000001192f8      0x26f binaries/pdump.o
 *fill*         0x0000000000119567        0x1 
 .rodata        0x0000000000119568      0x154 binaries/tftp.o
 *fill*         0x00000000001196bc        0x4 
 .rodata        0x00000000001196c0      0x3f9 binaries/shell.o
                0x0000000000119760                cmdtab
 .rodata        0x0000000000119ab9       0x28 binaries/xsh_argecho.o
 *fill*         0x0000000000119ae1        0x3 
 .rodata        0x0000000000119ae4      0x123 binaries/xsh_arp.o
 *fill*         0x0000000000119c07        0x1 
 .rodata        0x0000000000119c08       0xc9 binaries/xsh_cat.o
 .rodata        0x0000000000119cd1       0x19 binaries/xsh_clear.o
 *fill*         0x0000000000119cea        0x2 
 .rodata        0x0000000000119cec      0x1c3 binaries/xsh_date.o
 .rodata        0x0000000000119eaf       0x5d binaries/xsh_devdump.o
 .rodata        0x0000000000119f0c        0x9 binaries/xsh_echo.o
 *fill*         0x0000000000119f15        0x3 
 .rodata        0x0000000000119f18      0x169 binaries/xsh_help.o
 *fill*         0x000000000011a081        0x3 
 .rodata        0x000000000011a084      0x12e binaries/xsh_kill.o
 *fill*         0x000000000011a1b2        0x2 
 .rodata        0x000000000011a1b4      0x266 binaries/xsh_memdump.o
 *fill*         0x000000000011a41a        0x2 
 .rodata        0x000000000011a41c      0x225 binaries/xsh_memstat.o
 *fill*         0x000000000011a641        0x3 
 .rodata        0x000000000011a644      0x1b0 binaries/xsh_netinfo.o
 .rodata        0x000000000011a7f4      0x1a1 binaries/xsh_ping.o
 *fill*         0x000000000011a995        0x3 
 .rodata        0x000000000011a998       0x23 binaries/xsh_printprocstk.o
 *fill*         0x000000000011a9bb        0x5 
 .rodata        0x000000000011a9c0      0x220 binaries/xsh_ps.o
 .rodata        0x000000000011abe0       0x18 binaries/xsh_reset.o
 .rodata        0x000000000011abf8       0xeb binaries/xsh_sleep.o
 *fill*         0x000000000011ace3        0x1 
 .rodata        0x000000000011ace4      0x1b8 binaries/xsh_udpdump.o
 .rodata        0x000000000011ae9c      0x215 binaries/xsh_udpecho.o
 *fill*         0x000000000011b0b1        0x3 
 .rodata        0x000000000011b0b4      0x12b binaries/xsh_udpserver.o
 *fill*         0x000000000011b1df        0x1 
 .rodata        0x000000000011b1e0      0x105 binaries/xsh_uptime.o
                0x000000000011b2e5                etext = ABSOLUTE (.)
                0x000000000011c000                . = ALIGN (0x1000)
 *fill*         0x000000000011b2e5      0xd1b 

.eh_frame       0x000000000011c000     0x2d70
 .eh_frame      0x000000000011c000       0x38 binaries/ascdate.o
 .eh_frame      0x000000000011c038       0x20 binaries/bufinit.o
                                         0x38 (size before relaxing)
 .eh_frame      0x000000000011c058       0x20 binaries/chprio.o
                                         0x38 (size before relaxing)
 .eh_frame      0x000000000011c078       0x20 binaries/clkhandler.o
                                         0x38 (size before relaxing)
 .eh_frame      0x000000000011c098       0x20 binaries/clkinit.o
                                         0x38 (size before relaxing)
 .eh_frame      0x000000000011c0b8       0x20 binaries/close.o
                                         0x38 (size before relaxing)
 .eh_frame      0x000000000011c0d8       0x20 binaries/control.o
                                         0x38 (size before relaxing)
 .eh_frame      0x000000000011c0f8       0x4c binaries/create.o
                                         0x64 (size before relaxing)
 .eh_frame      0x000000000011c144       0x60 binaries/evec.o
                                         0x78 (size before relaxing)
 .eh_frame      0x000000000011c1a4       0x20 binaries/exit.o
                                         0x38 (size before relaxing)
 .eh_frame      0x000000000011c1c4       0x20 binaries/freebuf.o
                                         0x38 (size before relaxing)
 .eh_frame      0x000000000011c1e4       0x20 binaries/freemem.o
                                         0x38 (size before relaxing)
 .eh_frame      0x000000000011c204       0x20 binaries/getbuf.o
                                         0x38 (size before relaxing)
 .eh_frame      0x000000000011c224       0x20 binaries/getc.o
                                         0x38 (size before relaxing)
 .eh_frame      0x000000000011c244       0x20 binaries/getdev.o
                                         0x38 (size before relaxing)
 .eh_frame      0x000000000011c264       0x60 binaries/getitem.o
                                         0x78 (size before relaxing)
 .eh_frame      0x000000000011c2c4       0x20 binaries/getmem.o
                                         0x38 (size before relaxing)
 .eh_frame      0x000000000011c2e4       0x20 binaries/getpid.o
                                         0x38 (size before relaxing)
 .eh_frame      0x000000000011c304       0x20 binaries/getprio.o
                                         0x38 (size before relaxing)
 .eh_frame      0x000000000011c324       0x20 binaries/getstk.o
                                         0x38 (size before relaxing)
 .eh_frame      0x000000000011c344       0x20 binaries/getticks.o
                                         0x38 (size before relaxing)
 .eh_frame      0x000000000011c364       0x20 binaries/gettime.o
                                         0x38 (size before relaxing)
 .eh_frame      0x000000000011c384       0x20 binaries/getutime.o
                                         0x38 (size before relaxing)
 .eh_frame      0x000000000011c3a4       0x8c binaries/i386.o
                                         0xa4 (size before relaxing)
 .eh_frame      0x000000000011c430       0x20 binaries/init.o
                                         0x38 (size before relaxing)
 .eh_frame      0x000000000011c450       0xac binaries/initialize.o
                                         0xc4 (size before relaxing)
 .eh_frame      0x000000000011c4fc       0x20 binaries/insert.o
                                         0x38 (size before relaxing)
 .eh_frame      0x000000000011c51c       0x20 binaries/insertd.o
                                         0x38 (size before relaxing)
 .eh_frame      0x000000000011c53c       0x20 binaries/ioerr.o
                                         0x38 (size before relaxing)
 .eh_frame      0x000000000011c55c       0x20 binaries/ionull.o
                                         0x38 (size before relaxing)
 .eh_frame      0x000000000011c57c       0x2c binaries/kill.o
                                         0x44 (size before relaxing)
 .eh_frame      0x000000000011c5a8       0x60 binaries/kprintf.o
                                         0x78 (size before relaxing)
 .eh_frame      0x000000000011c608       0x40 binaries/main.o
                                         0x58 (size before relaxing)
 .eh_frame      0x000000000011c648       0x40 binaries/mark.o
                                         0x58 (size before relaxing)
 .eh_frame      0x000000000011c688       0x20 binaries/meminit.o
                                         0x38 (size before relaxing)
 .eh_frame      0x000000000011c6a8       0x20 binaries/mkbufpool.o
                                         0x38 (size before relaxing)
 .eh_frame      0x000000000011c6c8       0x20 binaries/newqueue.o
                                         0x38 (size before relaxing)
 .eh_frame      0x000000000011c6e8       0x20 binaries/open.o
                                         0x38 (size before relaxing)
 .eh_frame      0x000000000011c708       0x1c binaries/panic.o
                                         0x34 (size before relaxing)
 .eh_frame      0x000000000011c724      0x1c8 binaries/pci.o
                                        0x1e0 (size before relaxing)
 .eh_frame      0x000000000011c8ec       0x30 binaries/printprocstk.o
                                         0x48 (size before relaxing)
 .eh_frame      0x000000000011c91c       0x20 binaries/print_ready_list.o
                                         0x38 (size before relaxing)
 .eh_frame      0x000000000011c93c       0x24 binaries/print_syscalls.o
                                         0x3c (size before relaxing)
 .eh_frame      0x000000000011c960       0x20 binaries/ptclear.o
                                         0x38 (size before relaxing)
 .eh_frame      0x000000000011c980       0x20 binaries/ptcount.o
                                         0x38 (size before relaxing)
 .eh_frame      0x000000000011c9a0       0x20 binaries/ptcreate.o
                                         0x38 (size before relaxing)
 .eh_frame      0x000000000011c9c0       0x20 binaries/ptdelete.o
                                         0x38 (size before relaxing)
 .eh_frame      0x000000000011c9e0       0x20 binaries/ptinit.o
                                         0x38 (size before relaxing)
 .eh_frame      0x000000000011ca00       0x20 binaries/ptrecv.o
                                         0x38 (size before relaxing)
 .eh_frame      0x000000000011ca20       0x20 binaries/ptreset.o
                                         0x38 (size before relaxing)
 .eh_frame      0x000000000011ca40       0x20 binaries/ptsend.o
                                         0x38 (size before relaxing)
 .eh_frame      0x000000000011ca60       0x20 binaries/putc.o
                                         0x38 (size before relaxing)
 .eh_frame      0x000000000011ca80       0x40 binaries/queue.o
                                         0x58 (size before relaxing)
 .eh_frame      0x000000000011cac0       0x20 binaries/read.o
                                         0x38 (size before relaxing)
 .eh_frame      0x000000000011cae0       0x30 binaries/ready.o
                                         0x48 (size before relaxing)
 .eh_frame      0x000000000011cb10       0x2c binaries/receive.o
                                         0x44 (size before relaxing)
 .eh_frame      0x000000000011cb3c       0x20 binaries/recvclr.o
                                         0x38 (size before relaxing)
 .eh_frame      0x000000000011cb5c       0x2c binaries/recvtime.o
                                         0x44 (size before relaxing)
 .eh_frame      0x000000000011cb88       0x4c binaries/resched.o
                                         0x64 (size before relaxing)
 .eh_frame      0x000000000011cbd4       0x20 binaries/resume.o
                                         0x38 (size before relaxing)
 .eh_frame      0x000000000011cbf4       0x20 binaries/seek.o
                                         0x38 (size before relaxing)
 .eh_frame      0x000000000011cc14       0x20 binaries/semcount.o
                                         0x38 (size before relaxing)
 .eh_frame      0x000000000011cc34       0x40 binaries/semcreate.o
                                         0x58 (size before relaxing)
 .eh_frame      0x000000000011cc74       0x20 binaries/semdelete.o
                                         0x38 (size before relaxing)
 .eh_frame      0x000000000011cc94       0x20 binaries/semreset.o
                                         0x38 (size before relaxing)
 .eh_frame      0x000000000011ccb4       0x20 binaries/send.o
                                         0x38 (size before relaxing)
 .eh_frame      0x000000000011ccd4       0x20 binaries/signal.o
                                         0x38 (size before relaxing)
 .eh_frame      0x000000000011ccf4       0x20 binaries/signaln.o
                                         0x38 (size before relaxing)
 .eh_frame      0x000000000011cd14       0x4c binaries/sleep.o
                                         0x64 (size before relaxing)
 .eh_frame      0x000000000011cd60       0x20 binaries/stacktrace.o
                                         0x38 (size before relaxing)
 .eh_frame      0x000000000011cd80       0x2c binaries/suspend.o
                                         0x44 (size before relaxing)
 .eh_frame      0x000000000011cdac       0x20 binaries/unsleep.o
                                         0x38 (size before relaxing)
 .eh_frame      0x000000000011cdcc       0x20 binaries/userret.o
                                         0x38 (size before relaxing)
 .eh_frame      0x000000000011cdec       0x2c binaries/wait.o
                                         0x44 (size before relaxing)
 .eh_frame      0x000000000011ce18       0x20 binaries/wakeup.o
                                         0x38 (size before relaxing)
 .eh_frame      0x000000000011ce38       0x20 binaries/write.o
                                         0x38 (size before relaxing)
 .eh_frame      0x000000000011ce58       0x20 binaries/xdone.o
                                         0x38 (size before relaxing)
 .eh_frame      0x000000000011ce78       0x20 binaries/yield.o
                                         0x38 (size before relaxing)
 .eh_frame      0x000000000011ce98       0x20 binaries/abs.o
                                         0x38 (size before relaxing)
 .eh_frame      0x000000000011ceb8       0x20 binaries/atoi.o
                                         0x38 (size before relaxing)
 .eh_frame      0x000000000011ced8       0x20 binaries/atol.o
                                         0x38 (size before relaxing)
 .eh_frame      0x000000000011cef8       0x20 binaries/bzero.o
                                         0x38 (size before relaxing)
 .eh_frame      0x000000000011cf18       0xe0 binaries/doprnt.o
                                         0xf8 (size before relaxing)
 .eh_frame      0x000000000011cff8       0xb0 binaries/doscan.o
                                         0xc8 (size before relaxing)
 .eh_frame      0x000000000011d0a8       0xc0 binaries/fdoprnt.o
                                         0xd8 (size before relaxing)
 .eh_frame      0x000000000011d168       0x20 binaries/fgetc.o
                                         0x38 (size before relaxing)
 .eh_frame      0x000000000011d188       0x20 binaries/fgets.o
                                         0x38 (size before relaxing)
 .eh_frame      0x000000000011d1a8       0x20 binaries/fprintf.o
                                         0x38 (size before relaxing)
 .eh_frame      0x000000000011d1c8       0x20 binaries/fputc.o
                                         0x38 (size before relaxing)
 .eh_frame      0x000000000011d1e8       0x20 binaries/fputs.o
                                         0x38 (size before relaxing)
 .eh_frame      0x000000000011d208       0x60 binaries/fscanf.o
                                         0x78 (size before relaxing)
 .eh_frame      0x000000000011d268       0x20 binaries/getchar.o
                                         0x38 (size before relaxing)
 .eh_frame      0x000000000011d288       0x20 binaries/labs.o
                                         0x38 (size before relaxing)
 .eh_frame      0x000000000011d2a8       0x20 binaries/memcmp.o
                                         0x38 (size before relaxing)
 .eh_frame      0x000000000011d2c8       0x24 binaries/memcpy.o
                                         0x3c (size before relaxing)
 .eh_frame      0x000000000011d2ec       0x24 binaries/memset.o
                                         0x3c (size before relaxing)
 .eh_frame      0x000000000011d310       0x20 binaries/printf.o
                                         0x38 (size before relaxing)
 .eh_frame      0x000000000011d330       0x20 binaries/putchar.o
                                         0x38 (size before relaxing)
 .eh_frame      0x000000000011d350       0xa8 binaries/qsort.o
                                         0xc0 (size before relaxing)
 .eh_frame      0x000000000011d3f8       0x60 binaries/rand.o
                                         0x78 (size before relaxing)
 .eh_frame      0x000000000011d458       0x40 binaries/sprintf.o
                                         0x58 (size before relaxing)
 .eh_frame      0x000000000011d498       0x60 binaries/sscanf.o
                                         0x78 (size before relaxing)
 .eh_frame      0x000000000011d4f8       0x20 binaries/strchr.o
                                         0x38 (size before relaxing)
 .eh_frame      0x000000000011d518       0x20 binaries/strcmp.o
                                         0x38 (size before relaxing)
 .eh_frame      0x000000000011d538       0x20 binaries/strcpy.o
                                         0x38 (size before relaxing)
 .eh_frame      0x000000000011d558       0x20 binaries/strlen.o
                                         0x38 (size before relaxing)
 .eh_frame      0x000000000011d578       0x20 binaries/strncat.o
                                         0x38 (size before relaxing)
 .eh_frame      0x000000000011d598       0x20 binaries/strncmp.o
                                         0x38 (size before relaxing)
 .eh_frame      0x000000000011d5b8       0x28 binaries/strncpy.o
                                         0x40 (size before relaxing)
 .eh_frame      0x000000000011d5e0       0x20 binaries/strnlen.o
                                         0x38 (size before relaxing)
 .eh_frame      0x000000000011d600       0x20 binaries/strrchr.o
                                         0x38 (size before relaxing)
 .eh_frame      0x000000000011d620       0x20 binaries/strstr.o
                                         0x38 (size before relaxing)
 .eh_frame      0x000000000011d640       0x20 binaries/ttycontrol.o
                                         0x38 (size before relaxing)
 .eh_frame      0x000000000011d660       0x20 binaries/ttygetc.o
                                         0x38 (size before relaxing)
 .eh_frame      0x000000000011d680       0x80 binaries/ttyhandle_in.o
                                         0x98 (size before relaxing)
 .eh_frame      0x000000000011d700       0x20 binaries/ttyhandle_out.o
                                         0x38 (size before relaxing)
 .eh_frame      0x000000000011d720       0x20 binaries/ttyhandler.o
                                         0x38 (size before relaxing)
 .eh_frame      0x000000000011d740       0x20 binaries/ttyinit.o
                                         0x38 (size before relaxing)
 .eh_frame      0x000000000011d760       0x20 binaries/ttykickout.o
                                         0x38 (size before relaxing)
 .eh_frame      0x000000000011d780       0x20 binaries/ttyputc.o
                                         0x38 (size before relaxing)
 .eh_frame      0x000000000011d7a0       0x24 binaries/ttyread.o
                                         0x3c (size before relaxing)
 .eh_frame      0x000000000011d7c4       0x20 binaries/ttywrite.o
                                         0x38 (size before relaxing)
 .eh_frame      0x000000000011d7e4       0x40 binaries/mount.o
                                         0x58 (size before relaxing)
 .eh_frame      0x000000000011d824       0x20 binaries/naminit.o
                                         0x38 (size before relaxing)
 .eh_frame      0x000000000011d844       0x60 binaries/nammap.o
                                         0x78 (size before relaxing)
 .eh_frame      0x000000000011d8a4       0x20 binaries/namopen.o
                                         0x38 (size before relaxing)
 .eh_frame      0x000000000011d8c4      0x150 binaries/82545EMInit.o
                                        0x168 (size before relaxing)
 .eh_frame      0x000000000011da14       0xa0 binaries/ethcontrol.o
                                         0xb8 (size before relaxing)
 .eh_frame      0x000000000011dab4       0x80 binaries/ethhandler.o
                                         0x98 (size before relaxing)
 .eh_frame      0x000000000011db34       0x20 binaries/ethinit.o
                                         0x38 (size before relaxing)
 .eh_frame      0x000000000011db54       0x60 binaries/ethread.o
                                         0x78 (size before relaxing)
 .eh_frame      0x000000000011dbb4       0x60 binaries/ethwrite.o
                                         0x78 (size before relaxing)
 .eh_frame      0x000000000011dc14       0x20 binaries/rdsbufalloc.o
                                         0x38 (size before relaxing)
 .eh_frame      0x000000000011dc34       0x20 binaries/rdsclose.o
                                         0x38 (size before relaxing)
 .eh_frame      0x000000000011dc54       0x20 binaries/rdscomm.o
                                         0x38 (size before relaxing)
 .eh_frame      0x000000000011dc74       0x20 binaries/rdscontrol.o
                                         0x38 (size before relaxing)
 .eh_frame      0x000000000011dc94       0x20 binaries/rdsinit.o
                                         0x38 (size before relaxing)
 .eh_frame      0x000000000011dcb4       0x20 binaries/rdsopen.o
                                         0x38 (size before relaxing)
 .eh_frame      0x000000000011dcd4       0x1c binaries/rdsprocess.o
                                         0x34 (size before relaxing)
 .eh_frame      0x000000000011dcf0       0x20 binaries/rdsread.o
                                         0x38 (size before relaxing)
 .eh_frame      0x000000000011dd10       0x20 binaries/rdswrite.o
                                         0x38 (size before relaxing)
 .eh_frame      0x000000000011dd30       0x20 binaries/ramclose.o
                                         0x38 (size before relaxing)
 .eh_frame      0x000000000011dd50       0x20 binaries/raminit.o
                                         0x38 (size before relaxing)
 .eh_frame      0x000000000011dd70       0x20 binaries/ramopen.o
                                         0x38 (size before relaxing)
 .eh_frame      0x000000000011dd90       0x20 binaries/ramread.o
                                         0x38 (size before relaxing)
 .eh_frame      0x000000000011ddb0       0x20 binaries/ramwrite.o
                                         0x38 (size before relaxing)
 .eh_frame      0x000000000011ddd0       0x20 binaries/lfdballoc.o
                                         0x38 (size before relaxing)
 .eh_frame      0x000000000011ddf0       0x20 binaries/lfdbfree.o
                                         0x38 (size before relaxing)
 .eh_frame      0x000000000011de10       0x20 binaries/lfflush.o
                                         0x38 (size before relaxing)
 .eh_frame      0x000000000011de30       0x20 binaries/lfgetmode.o
                                         0x38 (size before relaxing)
 .eh_frame      0x000000000011de50       0x20 binaries/lfiballoc.o
                                         0x38 (size before relaxing)
 .eh_frame      0x000000000011de70       0x20 binaries/lfibclear.o
                                         0x38 (size before relaxing)
 .eh_frame      0x000000000011de90       0x20 binaries/lfibget.o
                                         0x38 (size before relaxing)
 .eh_frame      0x000000000011deb0       0x20 binaries/lfibput.o
                                         0x38 (size before relaxing)
 .eh_frame      0x000000000011ded0       0x20 binaries/lflclose.o
                                         0x38 (size before relaxing)
 .eh_frame      0x000000000011def0       0x20 binaries/lflcontrol.o
                                         0x38 (size before relaxing)
 .eh_frame      0x000000000011df10       0x20 binaries/lflgetc.o
                                         0x38 (size before relaxing)
 .eh_frame      0x000000000011df30       0x20 binaries/lflinit.o
                                         0x38 (size before relaxing)
 .eh_frame      0x000000000011df50       0x20 binaries/lflputc.o
                                         0x38 (size before relaxing)
 .eh_frame      0x000000000011df70       0x20 binaries/lflread.o
                                         0x38 (size before relaxing)
 .eh_frame      0x000000000011df90       0x20 binaries/lflseek.o
                                         0x38 (size before relaxing)
 .eh_frame      0x000000000011dfb0       0x20 binaries/lflwrite.o
                                         0x38 (size before relaxing)
 .eh_frame      0x000000000011dfd0       0x20 binaries/lfscheck.o
                                         0x38 (size before relaxing)
 .eh_frame      0x000000000011dff0       0x20 binaries/lfsckfmt.o
                                         0x38 (size before relaxing)
 .eh_frame      0x000000000011e010       0x20 binaries/lfscreate.o
                                         0x38 (size before relaxing)
 .eh_frame      0x000000000011e030       0x20 binaries/lfsetup.o
                                         0x38 (size before relaxing)
 .eh_frame      0x000000000011e050       0x20 binaries/lfsinit.o
                                         0x38 (size before relaxing)
 .eh_frame      0x000000000011e070       0x20 binaries/lfsopen.o
                                         0x38 (size before relaxing)
 .eh_frame      0x000000000011e090       0x20 binaries/lftruncate.o
                                         0x38 (size before relaxing)
 .eh_frame      0x000000000011e0b0       0x20 binaries/rflclose.o
                                         0x38 (size before relaxing)
 .eh_frame      0x000000000011e0d0       0x20 binaries/rflgetc.o
                                         0x38 (size before relaxing)
 .eh_frame      0x000000000011e0f0       0x20 binaries/rflinit.o
                                         0x38 (size before relaxing)
 .eh_frame      0x000000000011e110       0x20 binaries/rflputc.o
                                         0x38 (size before relaxing)
 .eh_frame      0x000000000011e130       0x20 binaries/rflread.o
                                         0x38 (size before relaxing)
 .eh_frame      0x000000000011e150       0x20 binaries/rflseek.o
                                         0x38 (size before relaxing)
 .eh_frame      0x000000000011e170       0x20 binaries/rflwrite.o
                                         0x38 (size before relaxing)
 .eh_frame      0x000000000011e190       0x20 binaries/rfscomm.o
                                         0x38 (size before relaxing)
 .eh_frame      0x000000000011e1b0       0x20 binaries/rfscontrol.o
                                         0x38 (size before relaxing)
 .eh_frame      0x000000000011e1d0       0x20 binaries/rfsgetmode.o
                                         0x38 (size before relaxing)
 .eh_frame      0x000000000011e1f0       0x20 binaries/rfsinit.o
                                         0x38 (size before relaxing)
 .eh_frame      0x000000000011e210       0x20 binaries/rfsndmsg.o
                                         0x38 (size before relaxing)
 .eh_frame      0x000000000011e230       0x20 binaries/rfsopen.o
                                         0x38 (size before relaxing)
 .eh_frame      0x000000000011e250       0xc0 binaries/arp.o
                                         0xd8 (size before relaxing)
 .eh_frame      0x000000000011e310       0xa0 binaries/dhcp.o
                                         0xb8 (size before relaxing)
 .eh_frame      0x000000000011e3b0       0x80 binaries/dns.o
                                         0x98 (size before relaxing)
 .eh_frame      0x000000000011e430       0x20 binaries/dot2ip.o
                                         0x38 (size before relaxing)
 .eh_frame      0x000000000011e450       0x40 binaries/hexdump.o
                                         0x58 (size before relaxing)
 .eh_frame      0x000000000011e490      0x14c binaries/icmp.o
                                        0x164 (size before relaxing)
 .eh_frame      0x000000000011e5dc      0x11c binaries/ip.o
                                        0x134 (size before relaxing)
 .eh_frame      0x000000000011e6f8       0xa0 binaries/net.o
                                         0xb8 (size before relaxing)
 .eh_frame      0x000000000011e798       0x60 binaries/pdump.o
                                         0x78 (size before relaxing)
 .eh_frame      0x000000000011e7f8       0x60 binaries/tftp.o
                                         0x78 (size before relaxing)
 .eh_frame      0x000000000011e858      0x140 binaries/udp.o
                                        0x158 (size before relaxing)
 .eh_frame      0x000000000011e998       0x20 binaries/addargs.o
                                         0x38 (size before relaxing)
 .eh_frame      0x000000000011e9b8       0x20 binaries/lexan.o
                                         0x38 (size before relaxing)
 .eh_frame      0x000000000011e9d8       0x20 binaries/shell.o
                                         0x38 (size before relaxing)
 .eh_frame      0x000000000011e9f8       0x20 binaries/xsh_argecho.o
                                         0x38 (size before relaxing)
 .eh_frame      0x000000000011ea18       0x40 binaries/xsh_arp.o
                                         0x58 (size before relaxing)
 .eh_frame      0x000000000011ea58       0x20 binaries/xsh_cat.o
                                         0x38 (size before relaxing)
 .eh_frame      0x000000000011ea78       0x20 binaries/xsh_clear.o
                                         0x38 (size before relaxing)
 .eh_frame      0x000000000011ea98       0x20 binaries/xsh_date.o
                                         0x38 (size before relaxing)
 .eh_frame      0x000000000011eab8       0x20 binaries/xsh_devdump.o
                                         0x38 (size before relaxing)
 .eh_frame      0x000000000011ead8       0x20 binaries/xsh_echo.o
                                         0x38 (size before relaxing)
 .eh_frame      0x000000000011eaf8       0x20 binaries/xsh_exit.o
                                         0x38 (size before relaxing)
 .eh_frame      0x000000000011eb18       0x20 binaries/xsh_help.o
                                         0x38 (size before relaxing)
 .eh_frame      0x000000000011eb38       0x20 binaries/xsh_kill.o
                                         0x38 (size before relaxing)
 .eh_frame      0x000000000011eb58       0x40 binaries/xsh_memdump.o
                                         0x58 (size before relaxing)
 .eh_frame      0x000000000011eb98       0x60 binaries/xsh_memstat.o
                                         0x78 (size before relaxing)
 .eh_frame      0x000000000011ebf8       0x30 binaries/xsh_netinfo.o
                                         0x48 (size before relaxing)
 .eh_frame      0x000000000011ec28       0x24 binaries/xsh_ping.o
                                         0x3c (size before relaxing)
 .eh_frame      0x000000000011ec4c       0x20 binaries/xsh_printprocstk.o
                                         0x38 (size before relaxing)
 .eh_frame      0x000000000011ec6c       0x30 binaries/xsh_ps.o
                                         0x48 (size before relaxing)
 .eh_frame      0x000000000011ec9c       0x20 binaries/xsh_reset.o
                                         0x38 (size before relaxing)
 .eh_frame      0x000000000011ecbc       0x20 binaries/xsh_sleep.o
                                         0x38 (size before relaxing)
 .eh_frame      0x000000000011ecdc       0x20 binaries/xsh_udpdump.o
                                         0x38 (size before relaxing)
 .eh_frame      0x000000000011ecfc       0x30 binaries/xsh_udpecho.o
                                         0x48 (size before relaxing)
 .eh_frame      0x000000000011ed2c       0x24 binaries/xsh_udpserver.o
                                         0x3c (size before relaxing)
 .eh_frame      0x000000000011ed50       0x20 binaries/xsh_uptime.o
                                         0x38 (size before relaxing)

.iplt           0x000000000011ed70        0x0
 .iplt          0x000000000011ed70        0x0 binaries/start.o

.rel.dyn        0x000000000011ed70        0x0
 .rel.iplt      0x000000000011ed70        0x0 binaries/start.o
 .rel.text      0x000000000011ed70        0x0 binaries/start.o
 .rel.data      0x000000000011ed70        0x0 binaries/start.o
 .rel.rodata    0x000000000011ed70        0x0 binaries/start.o

.data           0x000000000011ed80     0x1280
                0x000000000011ed80                data = ABSOLUTE (.)
 *(.data .data.*)
 .data          0x000000000011ed80      0x460 binaries/start.o
                0x000000000011ed80                gdt
                0x000000000011edc0                gdtr
                0x000000000011edc6                idt
                0x000000000011f1c6                idtr
                0x000000000011f1cc                cpudelay
                0x000000000011f1d0                _bootdev
                0x000000000011f1d4                _cyloffset
 .data          0x000000000011f1e0       0x88 binaries/ascdate.o
                0x000000000011f1e0                Date
 .data          0x000000000011f268        0x0 binaries/bufinit.o
 .data          0x000000000011f268        0x0 binaries/chprio.o
 .data          0x000000000011f268        0x4 binaries/clkhandler.o
 .data          0x000000000011f26c        0x0 binaries/clkinit.o
 .data          0x000000000011f26c        0x0 binaries/close.o
 *fill*         0x000000000011f26c       0x14 
 .data          0x000000000011f280      0x5a0 binaries/conf.o
                0x000000000011f280                devtab
 .data          0x000000000011f820        0x0 binaries/control.o
 .data          0x000000000011f820        0x4 binaries/create.o
 *fill*         0x000000000011f824       0x1c 
 .data          0x000000000011f840       0x40 binaries/evec.o
                0x000000000011f840                inames
 .data          0x000000000011f880        0x0 binaries/exit.o
 .data          0x000000000011f880        0x0 binaries/freebuf.o
 .data          0x000000000011f880        0x0 binaries/freemem.o
 .data          0x000000000011f880        0x0 binaries/getbuf.o
 .data          0x000000000011f880        0x0 binaries/getc.o
 .data          0x000000000011f880        0x0 binaries/getdev.o
 .data          0x000000000011f880        0x0 binaries/getitem.o
 .data          0x000000000011f880        0x0 binaries/getmem.o
 .data          0x000000000011f880        0x0 binaries/getpid.o
 .data          0x000000000011f880        0x0 binaries/getprio.o
 .data          0x000000000011f880        0x0 binaries/getstk.o
 .data          0x000000000011f880        0x0 binaries/getticks.o
 .data          0x000000000011f880        0x0 binaries/gettime.o
 .data          0x000000000011f880        0x0 binaries/getutime.o
 .data          0x000000000011f880       0x40 binaries/i386.o
                0x000000000011f880                gdt_copy
 .data          0x000000000011f8c0        0x0 binaries/init.o
 .data          0x000000000011f8c0        0x0 binaries/initialize.o
 .data          0x000000000011f8c0        0x0 binaries/insert.o
 .data          0x000000000011f8c0        0x0 binaries/insertd.o
 .data          0x000000000011f8c0        0x0 binaries/ioerr.o
 .data          0x000000000011f8c0        0x0 binaries/ionull.o
 .data          0x000000000011f8c0        0x0 binaries/kill.o
 .data          0x000000000011f8c0        0x0 binaries/kprintf.o
 .data          0x000000000011f8c0        0x0 binaries/main.o
 .data          0x000000000011f8c0        0x0 binaries/mark.o
 .data          0x000000000011f8c0        0x0 binaries/meminit.o
 .data          0x000000000011f8c0        0x0 binaries/mkbufpool.o
[...]
 .comment       0x000000000000001d       0x1e binaries/tftp.o
 .comment       0x000000000000001d       0x1e binaries/udp.o
 .comment       0x000000000000001d       0x1e binaries/addargs.o
 .comment       0x000000000000001d       0x1e binaries/lexan.o
 .comment       0x000000000000001d       0x1e binaries/shell.o
 .comment       0x000000000000001d       0x1e binaries/xsh_argecho.o
 .comment       0x000000000000001d       0x1e binaries/xsh_arp.o
 .comment       0x000000000000001d       0x1e binaries/xsh_cat.o
 .comment       0x000000000000001d       0x1e binaries/xsh_clear.o
 .comment       0x000000000000001d       0x1e binaries/xsh_date.o
 .comment       0x000000000000001d       0x1e binaries/xsh_devdump.o
 .comment       0x000000000000001d       0x1e binaries/xsh_echo.o
 .comment       0x000000000000001d       0x1e binaries/xsh_exit.o
 .comment       0x000000000000001d       0x1e binaries/xsh_help.o
 .comment       0x000000000000001d       0x1e binaries/xsh_kill.o
 .comment       0x000000000000001d       0x1e binaries/xsh_memdump.o
 .comment       0x000000000000001d       0x1e binaries/xsh_memstat.o
 .comment       0x000000000000001d       0x1e binaries/xsh_netinfo.o
 .comment       0x000000000000001d       0x1e binaries/xsh_ping.o
 .comment       0x000000000000001d       0x1e binaries/xsh_printprocstk.o
 .comment       0x000000000000001d       0x1e binaries/xsh_ps.o
 .comment       0x000000000000001d       0x1e binaries/xsh_reset.o
 .comment       0x000000000000001d       0x1e binaries/xsh_sleep.o
 .comment       0x000000000000001d       0x1e binaries/xsh_udpdump.o
 .comment       0x000000000000001d       0x1e binaries/xsh_udpecho.o
 .comment       0x000000000000001d       0x1e binaries/xsh_udpserver.o
 .comment       0x000000000000001d       0x1e binaries/xsh_uptime.o

.note.GNU-stack
                0x0000000000000000        0x0
 .note.GNU-stack
                0x0000000000000000        0x0 binaries/ascdate.o
 .note.GNU-stack
                0x0000000000000000        0x0 binaries/bufinit.o
 .note.GNU-stack
                0x0000000000000000        0x0 binaries/chprio.o
 .note.GNU-stack
                0x0000000000000000        0x0 binaries/clkhandler.o
 .note.GNU-stack
                0x0000000000000000        0x0 binaries/clkinit.o
 .note.GNU-stack
                0x0000000000000000        0x0 binaries/close.o
 .note.GNU-stack
                0x0000000000000000        0x0 binaries/conf.o
 .note.GNU-stack
                0x0000000000000000        0x0 binaries/control.o
 .note.GNU-stack
                0x0000000000000000        0x0 binaries/create.o
 .note.GNU-stack
                0x0000000000000000        0x0 binaries/evec.o
 .note.GNU-stack
                0x0000000000000000        0x0 binaries/exit.o
 .note.GNU-stack
                0x0000000000000000        0x0 binaries/freebuf.o
 .note.GNU-stack
                0x0000000000000000        0x0 binaries/freemem.o
 .note.GNU-stack
                0x0000000000000000        0x0 binaries/getbuf.o
 .note.GNU-stack
                0x0000000000000000        0x0 binaries/getc.o
 .note.GNU-stack
                0x0000000000000000        0x0 binaries/getdev.o
 .note.GNU-stack
                0x0000000000000000        0x0 binaries/getitem.o
 .note.GNU-stack
                0x0000000000000000        0x0 binaries/getmem.o
 .note.GNU-stack
                0x0000000000000000        0x0 binaries/getpid.o
 .note.GNU-stack
                0x0000000000000000        0x0 binaries/getprio.o
 .note.GNU-stack
                0x0000000000000000        0x0 binaries/getstk.o
 .note.GNU-stack
                0x0000000000000000        0x0 binaries/getticks.o
 .note.GNU-stack
                0x0000000000000000        0x0 binaries/gettime.o
 .note.GNU-stack
                0x0000000000000000        0x0 binaries/getutime.o
 .note.GNU-stack
                0x0000000000000000        0x0 binaries/i386.o
 .note.GNU-stack
                0x0000000000000000        0x0 binaries/init.o
 .note.GNU-stack
                0x0000000000000000        0x0 binaries/initialize.o
 .note.GNU-stack
                0x0000000000000000        0x0 binaries/insert.o
 .note.GNU-stack
                0x0000000000000000        0x0 binaries/insertd.o
 .note.GNU-stack
                0x0000000000000000        0x0 binaries/ioerr.o
 .note.GNU-stack
                0x0000000000000000        0x0 binaries/ionull.o
 .note.GNU-stack
                0x0000000000000000        0x0 binaries/kill.o
 .note.GNU-stack
                0x0000000000000000        0x0 binaries/kprintf.o
 .note.GNU-stack
                0x0000000000000000        0x0 binaries/main.o
 .note.GNU-stack
                0x0000000000000000        0x0 binaries/mark.o
 .note.GNU-stack
                0x0000000000000000        0x0 binaries/meminit.o
 .note.GNU-stack
                0x0000000000000000        0x0 binaries/mkbufpool.o
 .note.GNU-stack
                0x0000000000000000        0x0 binaries/newqueue.o
 .note.GNU-stack
                0x0000000000000000        0x0 binaries/open.o
 .note.GNU-stack
                0x0000000000000000        0x0 binaries/panic.o
 .note.GNU-stack
                0x0000000000000000        0x0 binaries/pci.o
 .note.GNU-stack
                0x0000000000000000        0x0 binaries/printprocstk.o
 .note.GNU-stack
                0x0000000000000000        0x0 binaries/print_ready_list.o
 .note.GNU-stack
                0x0000000000000000        0x0 binaries/print_syscalls.o
 .note.GNU-stack
                0x0000000000000000        0x0 binaries/ptclear.o
 .note.GNU-stack
                0x0000000000000000        0x0 binaries/ptcount.o
 .note.GNU-stack
                0x0000000000000000        0x0 binaries/ptcreate.o
 .note.GNU-stack
                0x0000000000000000        0x0 binaries/ptdelete.o
 .note.GNU-stack
                0x0000000000000000        0x0 binaries/ptinit.o
 .note.GNU-stack
                0x0000000000000000        0x0 binaries/ptrecv.o
 .note.GNU-stack
                0x0000000000000000        0x0 binaries/ptreset.o
 .note.GNU-stack
                0x0000000000000000        0x0 binaries/ptsend.o
 .note.GNU-stack
                0x0000000000000000        0x0 binaries/putc.o
 .note.GNU-stack
                0x0000000000000000        0x0 binaries/queue.o
 .note.GNU-stack
                0x0000000000000000        0x0 binaries/read.o
 .note.GNU-stack
                0x0000000000000000        0x0 binaries/ready.o
 .note.GNU-stack
                0x0000000000000000        0x0 binaries/receive.o
 .note.GNU-stack
                0x0000000000000000        0x0 binaries/recvclr.o
 .note.GNU-stack
                0x0000000000000000        0x0 binaries/recvtime.o
 .note.GNU-stack
                0x0000000000000000        0x0 binaries/resched.o
 .note.GNU-stack
                0x0000000000000000        0x0 binaries/resume.o
 .note.GNU-stack
                0x0000000000000000        0x0 binaries/seek.o
 .note.GNU-stack
                0x0000000000000000        0x0 binaries/semcount.o
 .note.GNU-stack
                0x0000000000000000        0x0 binaries/semcreate.o
 .note.GNU-stack
                0x0000000000000000        0x0 binaries/semdelete.o
 .note.GNU-stack
                0x0000000000000000        0x0 binaries/semreset.o
 .note.GNU-stack
                0x0000000000000000        0x0 binaries/send.o
 .note.GNU-stack
                0x0000000000000000        0x0 binaries/signal.o
 .note.GNU-stack
                0x0000000000000000        0x0 binaries/signaln.o
 .note.GNU-stack
                0x0000000000000000        0x0 binaries/sleep.o
 .note.GNU-stack
                0x0000000000000000        0x0 binaries/stacktrace.o
 .note.GNU-stack
                0x0000000000000000        0x0 binaries/suspend.o
 .note.GNU-stack
                0x0000000000000000        0x0 binaries/unsleep.o
 .note.GNU-stack
                0x0000000000000000        0x0 binaries/userret.o
 .note.GNU-stack
                0x0000000000000000        0x0 binaries/wait.o
 .note.GNU-stack
                0x0000000000000000        0x0 binaries/wakeup.o
 .note.GNU-stack
                0x0000000000000000        0x0 binaries/write.o
 .note.GNU-stack
                0x0000000000000000        0x0 binaries/xdone.o
 .note.GNU-stack
                0x0000000000000000        0x0 binaries/yield.o
 .note.GNU-stack
                0x0000000000000000        0x0 binaries/abs.o
 .note.GNU-stack
                0x0000000000000000        0x0 binaries/atoi.o
 .note.GNU-stack
                0x0000000000000000        0x0 binaries/atol.o
 .note.GNU-stack
                0x0000000000000000        0x0 binaries/bzero.o
 .note.GNU-stack
                0x0000000000000000        0x0 binaries/ctype_.o
 .note.GNU-stack
                0x0000000000000000        0x0 binaries/doprnt.o
 .note.GNU-stack
                0x0000000000000000        0x0 binaries/doscan.o
 .note.GNU-stack
                0x0000000000000000        0x0 binaries/fdoprnt.o
 .note.GNU-stack
                0x0000000000000000        0x0 binaries/fgetc.o
 .note.GNU-stack
                0x0000000000000000        0x0 binaries/fgets.o
 .note.GNU-stack
                0x0000000000000000        0x0 binaries/fprintf.o
 .note.GNU-stack
                0x0000000000000000        0x0 binaries/fputc.o
 .note.GNU-stack
                0x0000000000000000        0x0 binaries/fputs.o
 .note.GNU-stack
                0x0000000000000000        0x0 binaries/fscanf.o
 .note.GNU-stack
                0x0000000000000000        0x0 binaries/getchar.o
 .note.GNU-stack
                0x0000000000000000        0x0 binaries/labs.o
 .note.GNU-stack
                0x0000000000000000        0x0 binaries/memchr.o
 .note.GNU-stack
                0x0000000000000000        0x0 binaries/memcmp.o
 .note.GNU-stack
                0x0000000000000000        0x0 binaries/memcpy.o
 .note.GNU-stack
                0x0000000000000000        0x0 binaries/memset.o
 .note.GNU-stack
                0x0000000000000000        0x0 binaries/printf.o
 .note.GNU-stack
                0x0000000000000000        0x0 binaries/putchar.o
 .note.GNU-stack
                0x0000000000000000        0x0 binaries/qsort.o
 .note.GNU-stack
                0x0000000000000000        0x0 binaries/rand.o
 .note.GNU-stack
                0x0000000000000000        0x0 binaries/sprintf.o
 .note.GNU-stack
                0x0000000000000000        0x0 binaries/sscanf.o
 .note.GNU-stack
                0x0000000000000000        0x0 binaries/strchr.o
 .note.GNU-stack
                0x0000000000000000        0x0 binaries/strcmp.o
 .note.GNU-stack
                0x0000000000000000        0x0 binaries/strcpy.o
 .note.GNU-stack
                0x0000000000000000        0x0 binaries/strlen.o
 .note.GNU-stack
                0x0000000000000000        0x0 binaries/strncat.o
 .note.GNU-stack
                0x0000000000000000        0x0 binaries/strncmp.o
 .note.GNU-stack
                0x0000000000000000        0x0 binaries/strncpy.o
 .note.GNU-stack
                0x0000000000000000        0x0 binaries/strnlen.o
 .note.GNU-stack
                0x0000000000000000        0x0 binaries/strrchr.o
 .note.GNU-stack
                0x0000000000000000        0x0 binaries/strstr.o
 .note.GNU-stack
                0x0000000000000000        0x0 binaries/ttycontrol.o
 .note.GNU-stack
                0x0000000000000000        0x0 binaries/ttygetc.o
 .note.GNU-stack
                0x0000000000000000        0x0 binaries/ttyhandle_in.o
 .note.GNU-stack
                0x0000000000000000        0x0 binaries/ttyhandle_out.o
 .note.GNU-stack
                0x0000000000000000        0x0 binaries/ttyhandler.o
 .note.GNU-stack
                0x0000000000000000        0x0 binaries/ttyinit.o
 .note.GNU-stack
                0x0000000000000000        0x0 binaries/ttykickout.o
 .note.GNU-stack
                0x0000000000000000        0x0 binaries/ttyputc.o
 .note.GNU-stack
                0x0000000000000000        0x0 binaries/ttyread.o
 .note.GNU-stack
                0x0000000000000000        0x0 binaries/ttywrite.o
 .note.GNU-stack
                0x0000000000000000        0x0 binaries/mount.o
 .note.GNU-stack
                0x0000000000000000        0x0 binaries/naminit.o
 .note.GNU-stack
                0x0000000000000000        0x0 binaries/nammap.o
 .note.GNU-stack
                0x0000000000000000        0x0 binaries/namopen.o
 .note.GNU-stack
                0x0000000000000000        0x0 binaries/82545EMInit.o
 .note.GNU-stack
                0x0000000000000000        0x0 binaries/ethcontrol.o
 .note.GNU-stack
                0x0000000000000000        0x0 binaries/ethhandler.o
 .note.GNU-stack
                0x0000000000000000        0x0 binaries/ethinit.o
 .note.GNU-stack
                0x0000000000000000        0x0 binaries/ethread.o
 .note.GNU-stack
                0x0000000000000000        0x0 binaries/ethwrite.o
 .note.GNU-stack
                0x0000000000000000        0x0 binaries/rdsbufalloc.o
 .note.GNU-stack
                0x0000000000000000        0x0 binaries/rdsclose.o
 .note.GNU-stack
                0x0000000000000000        0x0 binaries/rdscomm.o
 .note.GNU-stack
                0x0000000000000000        0x0 binaries/rdscontrol.o
 .note.GNU-stack
                0x0000000000000000        0x0 binaries/rdsinit.o
 .note.GNU-stack
                0x0000000000000000        0x0 binaries/rdsopen.o
 .note.GNU-stack
                0x0000000000000000        0x0 binaries/rdsprocess.o
 .note.GNU-stack
                0x0000000000000000        0x0 binaries/rdsread.o
 .note.GNU-stack
                0x0000000000000000        0x0 binaries/rdswrite.o
 .note.GNU-stack
                0x0000000000000000        0x0 binaries/ramclose.o
 .note.GNU-stack
                0x0000000000000000        0x0 binaries/raminit.o
 .note.GNU-stack
                0x0000000000000000        0x0 binaries/ramopen.o
 .note.GNU-stack
                0x0000000000000000        0x0 binaries/ramread.o
 .note.GNU-stack
                0x0000000000000000        0x0 binaries/ramwrite.o
 .note.GNU-stack
                0x0000000000000000        0x0 binaries/lfdballoc.o
 .note.GNU-stack
                0x0000000000000000        0x0 binaries/lfdbfree.o
 .note.GNU-stack
                0x0000000000000000        0x0 binaries/lfflush.o
 .note.GNU-stack
                0x0000000000000000        0x0 binaries/lfgetmode.o
 .note.GNU-stack
                0x0000000000000000        0x0 binaries/lfiballoc.o
 .note.GNU-stack
                0x0000000000000000        0x0 binaries/lfibclear.o
 .note.GNU-stack
                0x0000000000000000        0x0 binaries/lfibget.o
 .note.GNU-stack
                0x0000000000000000        0x0 binaries/lfibput.o
 .note.GNU-stack
                0x0000000000000000        0x0 binaries/lflclose.o
 .note.GNU-stack
                0x0000000000000000        0x0 binaries/lflcontrol.o
 .note.GNU-stack
                0x0000000000000000        0x0 binaries/lflgetc.o
 .note.GNU-stack
                0x0000000000000000        0x0 binaries/lflinit.o
 .note.GNU-stack
                0x0000000000000000        0x0 binaries/lflputc.o
 .note.GNU-stack
                0x0000000000000000        0x0 binaries/lflread.o
 .note.GNU-stack
                0x0000000000000000        0x0 binaries/lflseek.o
 .note.GNU-stack
                0x0000000000000000        0x0 binaries/lflwrite.o
 .note.GNU-stack
                0x0000000000000000        0x0 binaries/lfscheck.o
 .note.GNU-stack
                0x0000000000000000        0x0 binaries/lfsckfmt.o
 .note.GNU-stack
                0x0000000000000000        0x0 binaries/lfscreate.o
 .note.GNU-stack
                0x0000000000000000        0x0 binaries/lfsetup.o
 .note.GNU-stack
                0x0000000000000000        0x0 binaries/lfsinit.o
 .note.GNU-stack
                0x0000000000000000        0x0 binaries/lfsopen.o
 .note.GNU-stack
                0x0000000000000000        0x0 binaries/lftruncate.o
 .note.GNU-stack
                0x0000000000000000        0x0 binaries/rflclose.o
 .note.GNU-stack
                0x0000000000000000        0x0 binaries/rflgetc.o
 .note.GNU-stack
                0x0000000000000000        0x0 binaries/rflinit.o
 .note.GNU-stack
                0x0000000000000000        0x0 binaries/rflputc.o
 .note.GNU-stack
                0x0000000000000000        0x0 binaries/rflread.o
 .note.GNU-stack
                0x0000000000000000        0x0 binaries/rflseek.o
 .note.GNU-stack
                0x0000000000000000        0x0 binaries/rflwrite.o
 .note.GNU-stack
                0x0000000000000000        0x0 binaries/rfscomm.o
 .note.GNU-stack
                0x0000000000000000        0x0 binaries/rfscontrol.o
 .note.GNU-stack
                0x0000000000000000        0x0 binaries/rfsgetmode.o
 .note.GNU-stack
                0x0000000000000000        0x0 binaries/rfsinit.o
 .note.GNU-stack
                0x0000000000000000        0x0 binaries/rfsndmsg.o
 .note.GNU-stack
                0x0000000000000000        0x0 binaries/rfsopen.o
 .note.GNU-stack
                0x0000000000000000        0x0 binaries/arp.o
 .note.GNU-stack
                0x0000000000000000        0x0 binaries/dhcp.o
 .note.GNU-stack
                0x0000000000000000        0x0 binaries/dns.o
 .note.GNU-stack
                0x0000000000000000        0x0 binaries/dot2ip.o
 .note.GNU-stack
                0x0000000000000000        0x0 binaries/hexdump.o
 .note.GNU-stack
                0x0000000000000000        0x0 binaries/icmp.o
 .note.GNU-stack
                0x0000000000000000        0x0 binaries/ip.o
 .note.GNU-stack
                0x0000000000000000        0x0 binaries/net.o
 .note.GNU-stack
                0x0000000000000000        0x0 binaries/pdump.o
 .note.GNU-stack
                0x0000000000000000        0x0 binaries/tftp.o
 .note.GNU-stack
                0x0000000000000000        0x0 binaries/udp.o
 .note.GNU-stack
                0x0000000000000000        0x0 binaries/addargs.o
 .note.GNU-stack
                0x0000000000000000        0x0 binaries/lexan.o
 .note.GNU-stack
                0x0000000000000000        0x0 binaries/shell.o
 .note.GNU-stack
                0x0000000000000000        0x0 binaries/xsh_argecho.o
 .note.GNU-stack
                0x0000000000000000        0x0 binaries/xsh_arp.o
 .note.GNU-stack
                0x0000000000000000        0x0 binaries/xsh_cat.o
 .note.GNU-stack
                0x0000000000000000        0x0 binaries/xsh_clear.o
 .note.GNU-stack
                0x0000000000000000        0x0 binaries/xsh_date.o
 .note.GNU-stack
                0x0000000000000000        0x0 binaries/xsh_devdump.o
 .note.GNU-stack
                0x0000000000000000        0x0 binaries/xsh_echo.o
 .note.GNU-stack
                0x0000000000000000        0x0 binaries/xsh_exit.o
 .note.GNU-stack
                0x0000000000000000        0x0 binaries/xsh_help.o
 .note.GNU-stack
                0x0000000000000000        0x0 binaries/xsh_kill.o
 .note.GNU-stack
                0x0000000000000000        0x0 binaries/xsh_memdump.o
 .note.GNU-stack
                0x0000000000000000        0x0 binaries/xsh_memstat.o
 .note.GNU-stack
                0x0000000000000000        0x0 binaries/xsh_netinfo.o
 .note.GNU-stack
                0x0000000000000000        0x0 binaries/xsh_ping.o
 .note.GNU-stack
                0x0000000000000000        0x0 binaries/xsh_printprocstk.o
 .note.GNU-stack
                0x0000000000000000        0x0 binaries/xsh_ps.o
 .note.GNU-stack
                0x0000000000000000        0x0 binaries/xsh_reset.o
 .note.GNU-stack
                0x0000000000000000        0x0 binaries/xsh_sleep.o
 .note.GNU-stack
                0x0000000000000000        0x0 binaries/xsh_udpdump.o
 .note.GNU-stack
                0x0000000000000000        0x0 binaries/xsh_udpecho.o
 .note.GNU-stack
                0x0000000000000000        0x0 binaries/xsh_udpserver.o
 .note.GNU-stack
                0x0000000000000000        0x0 binaries/xsh_uptime.o
